Copyright 1986-2022 Xilinx, Inc. All Rights Reserved. Copyright 2022-2026 Advanced Micro Devices, Inc. All Rights Reserved.
--------------------------------------------------------------------------------------------------------------------------------------------------------
| Tool Version : Vivado v.2026.1 (lin64) Build 6511674 Tue Jun 16 11:01:26 MDT 2026
| Date         : Tue Aug 25 07:13:33 2026
| Host         : junaet-desktop running 64-bit Ubuntu 22.04.5 LTS
| Command      : report_timing_summary -delay_type min -max_paths 10 -file /home/junaet/Documents/CustomCPU/fpga/fmax/vivado_out_5p4ns/hold_summary.rpt
| Design       : cpu_timing_top
| Device       : 7k480t-ffg901
| Speed File   : -2  PRODUCTION 1.12 2017-02-17
| Design State : Routed
--------------------------------------------------------------------------------------------------------------------------------------------------------

Timing Summary Report

------------------------------------------------------------------------------------------------
| Timer Settings
| --------------
------------------------------------------------------------------------------------------------

  Enable Multi Corner Analysis               :  Yes
  Enable Pessimism Removal                   :  Yes
  Pessimism Removal Resolution               :  Nearest Common Node
  Enable Input Delay Default Clock           :  No
  Enable Preset / Clear Arcs                 :  No
  Disable Flight Delays                      :  No
  Ignore I/O Paths                           :  No
  Timing Early Launch at Borrowing Latches   :  No
  Borrow Time for Max Delay Exceptions       :  Yes
  Merge Timing Exceptions                    :  Yes
  Inter-SLR Compensation                     :  Conservative

  Corner  Analyze    Analyze    
  Name    Max Paths  Min Paths  
  ------  ---------  ---------  
  Slow    Yes        Yes        
  Fast    Yes        Yes        


------------------------------------------------------------------------------------------------
| Report Methodology
| ------------------
------------------------------------------------------------------------------------------------

No report available as report_methodology has not been run prior. Run report_methodology on the current design for the summary of methodology violations.



check_timing report

Table of Contents
-----------------
1. checking no_clock (0)
2. checking constant_clock (0)
3. checking pulse_width_clock (0)
4. checking unconstrained_internal_endpoints (0)
5. checking no_input_delay (0)
6. checking no_output_delay (4)
7. checking multiple_clock (0)
8. checking generated_clocks (0)
9. checking loops (0)
10. checking partial_input_delay (0)
11. checking partial_output_delay (0)
12. checking latch_loops (0)

1. checking no_clock (0)
------------------------
 There are 0 register/latch pins with no clock.


2. checking constant_clock (0)
------------------------------
 There are 0 register/latch pins with constant_clock.


3. checking pulse_width_clock (0)
---------------------------------
 There are 0 register/latch pins which need pulse_width check


4. checking unconstrained_internal_endpoints (0)
------------------------------------------------
 There are 0 pins that are not constrained for maximum delay.

 There are 0 pins that are not constrained for maximum delay due to constant clock.


5. checking no_input_delay (0)
------------------------------
 There are 0 input ports with no input delay specified.

 There are 0 input ports with no input delay but user has a false path constraint.


6. checking no_output_delay (4)
-------------------------------
 There are 4 ports with no output delay specified. (HIGH)

 There are 0 ports with no output delay but user has a false path constraint

 There are 0 ports with no output delay but with a timing clock defined on it or propagating through it


7. checking multiple_clock (0)
------------------------------
 There are 0 register/latch pins with multiple clocks.


8. checking generated_clocks (0)
--------------------------------
 There are 0 generated clocks that are not connected to a clock source.


9. checking loops (0)
---------------------
 There are 0 combinational loops in the design.


10. checking partial_input_delay (0)
------------------------------------
 There are 0 input ports with partial input delay specified.


11. checking partial_output_delay (0)
-------------------------------------
 There are 0 ports with partial output delay specified.


12. checking latch_loops (0)
----------------------------
 There are 0 combinational latch loops in the design through latch input



------------------------------------------------------------------------------------------------
| Design Timing Summary
| ---------------------
------------------------------------------------------------------------------------------------

    WHS(ns)      THS(ns)  THS Failing Endpoints  THS Total Endpoints     WPWS(ns)     TPWS(ns)  TPWS Failing Endpoints  TPWS Total Endpoints  
    -------      -------  ---------------------  -------------------     --------     --------  ----------------------  --------------------  
     -0.560     -169.771                    602                 1284        2.300        0.000                       0                   621  


Timing constraints are not met.


------------------------------------------------------------------------------------------------
| Clock Summary
| -------------
------------------------------------------------------------------------------------------------

Clock  Waveform(ns)         Period(ns)      Frequency(MHz)
-----  ------------         ----------      --------------
clk    {0.000 2.700}        5.400           185.185         


------------------------------------------------------------------------------------------------
| Intra Clock Table
| -----------------
------------------------------------------------------------------------------------------------

Clock             WHS(ns)      THS(ns)  THS Failing Endpoints  THS Total Endpoints     WPWS(ns)     TPWS(ns)  TPWS Failing Endpoints  TPWS Total Endpoints  
-----             -------      -------  ---------------------  -------------------     --------     --------  ----------------------  --------------------  
clk                -0.560     -169.771                    602                 1284        2.300        0.000                       0                   621  


------------------------------------------------------------------------------------------------
| Inter Clock Table
| -----------------
------------------------------------------------------------------------------------------------

From Clock    To Clock          WHS(ns)      THS(ns)  THS Failing Endpoints  THS Total Endpoints  
----------    --------          -------      -------  ---------------------  -------------------  


------------------------------------------------------------------------------------------------
| Other Path Groups Table
| -----------------------
------------------------------------------------------------------------------------------------

Path Group    From Clock    To Clock          WHS(ns)      THS(ns)  THS Failing Endpoints  THS Total Endpoints  
----------    ----------    --------          -------      -------  ---------------------  -------------------  


------------------------------------------------------------------------------------------------
| Timing Details
| --------------
------------------------------------------------------------------------------------------------


---------------------------------------------------------------------------------------------------
From Clock:  clk
  To Clock:  clk

Setup :           NA  Failing Endpoints,  Worst Slack           NA  ,  Total Violation           NA
Hold  :          602  Failing Endpoints,  Worst Slack       -0.560ns,  Total Violation     -169.771ns
PW    :            0  Failing Endpoints,  Worst Slack        2.300ns,  Total Violation        0.000ns
---------------------------------------------------------------------------------------------------


Min Delay Paths
--------------------------------------------------------------------------------------
Slack (VIOLATED) :        -0.560ns  (arrival time - required time)
  Source:                 clk
                            (clock source 'clk'  {rise@0.000ns fall@2.700ns period=5.400ns})
  Destination:            cpu/ram_1/_05__reg[0]/CE
                            (rising edge-triggered cell FDRE clocked by clk  {rise@0.000ns fall@2.700ns period=5.400ns})
  Path Group:             clk
  Path Type:              Hold (Min at Fast Process Corner)
  Requirement:            0.000ns  (clk rise@0.000ns - clk rise@0.000ns)
  Data Path Delay:        2.146ns  (logic 0.146ns (6.796%)  route 2.000ns (93.204%))
  Logic Levels:           2  (BUFG=1 IBUF=1)
  Clock Path Skew:        2.640ns (DCD - SCD - CPR)
    Destination Clock Delay (DCD):    2.640ns
    Source Clock Delay      (SCD):    0.000ns
    Clock Pessimism Removal (CPR):    -0.000ns
  Clock Uncertainty:      0.035ns  ((TSJ^2 + TIJ^2)^1/2 + DJ) / 2 + PE
    Total System Jitter     (TSJ):    0.071ns
    Total Input Jitter      (TIJ):    0.000ns
    Discrete Jitter          (DJ):    0.000ns
    Phase Error              (PE):    0.000ns

    Location             Delay type                Incr(ns)  Path(ns)    Netlist Resource(s)
  -------------------------------------------------------------------    -------------------
                         (clock clk rise edge)        0.000     0.000 r  <hidden>
    AH16                                              0.000     0.000 r  clk
                         net (fo=0)                   0.000     0.000    clk
    AH16                 IBUF (Prop_ibuf_I_O)         0.120     0.120 r  clk_IBUF_inst/O
                         net (fo=8, routed)           1.316     1.436    clk_IBUF
    BUFGCTRL_X0Y0        BUFG (Prop_bufg_I_O)         0.026     1.462 r  clk_IBUF_BUFG_inst/O
                         net (fo=677, routed)         0.684     2.146    cpu/ram_1/CLK
    SLICE_X44Y116        FDRE                                         r  cpu/ram_1/_05__reg[0]/CE
  -------------------------------------------------------------------    -------------------

                         (clock clk rise edge)        0.000     0.000 r  <hidden>
    AH16                                              0.000     0.000 r  clk
                         net (fo=0)                   0.000     0.000    clk
    AH16                 IBUF (Prop_ibuf_I_O)         0.368     0.368 r  clk_IBUF_inst/O
                         net (fo=8, routed)           1.389     1.757    clk_IBUF
    BUFGCTRL_X0Y0        BUFG (Prop_bufg_I_O)         0.030     1.787 r  clk_IBUF_BUFG_inst/O
                         net (fo=677, routed)         0.853     2.640    cpu/ram_1/CLK
    SLICE_X44Y116        FDRE                                         r  cpu/ram_1/_05__reg[0]/C
                         clock pessimism              0.000     2.640    <hidden>
                         clock uncertainty            0.035     2.675    <hidden>
    SLICE_X44Y116        FDRE (Hold_fdre_C_CE)        0.030     2.705    cpu/ram_1/_05__reg[0]
  -------------------------------------------------------------------
                         required time                         -2.705    <hidden>
                         arrival time                           2.146    <hidden>
  -------------------------------------------------------------------
                         slack                                 -0.560    <hidden>

Slack (VIOLATED) :        -0.560ns  (arrival time - required time)
  Source:                 clk
                            (clock source 'clk'  {rise@0.000ns fall@2.700ns period=5.400ns})
  Destination:            cpu/ram_1/_05__reg[18]/CE
                            (rising edge-triggered cell FDRE clocked by clk  {rise@0.000ns fall@2.700ns period=5.400ns})
  Path Group:             clk
  Path Type:              Hold (Min at Fast Process Corner)
  Requirement:            0.000ns  (clk rise@0.000ns - clk rise@0.000ns)
  Data Path Delay:        2.146ns  (logic 0.146ns (6.796%)  route 2.000ns (93.204%))
  Logic Levels:           2  (BUFG=1 IBUF=1)
  Clock Path Skew:        2.640ns (DCD - SCD - CPR)
    Destination Clock Delay (DCD):    2.640ns
    Source Clock Delay      (SCD):    0.000ns
    Clock Pessimism Removal (CPR):    -0.000ns
  Clock Uncertainty:      0.035ns  ((TSJ^2 + TIJ^2)^1/2 + DJ) / 2 + PE
    Total System Jitter     (TSJ):    0.071ns
    Total Input Jitter      (TIJ):    0.000ns
    Discrete Jitter          (DJ):    0.000ns
    Phase Error              (PE):    0.000ns

    Location             Delay type                Incr(ns)  Path(ns)    Netlist Resource(s)
  -------------------------------------------------------------------    -------------------
                         (clock clk rise edge)        0.000     0.000 r  <hidden>
    AH16                                              0.000     0.000 r  clk
                         net (fo=0)                   0.000     0.000    clk
    AH16                 IBUF (Prop_ibuf_I_O)         0.120     0.120 r  clk_IBUF_inst/O
                         net (fo=8, routed)           1.316     1.436    clk_IBUF
    BUFGCTRL_X0Y0        BUFG (Prop_bufg_I_O)         0.026     1.462 r  clk_IBUF_BUFG_inst/O
                         net (fo=677, routed)         0.684     2.146    cpu/ram_1/CLK
    SLICE_X42Y116        FDRE                                         r  cpu/ram_1/_05__reg[18]/CE
  -------------------------------------------------------------------    -------------------

                         (clock clk rise edge)        0.000     0.000 r  <hidden>
    AH16                                              0.000     0.000 r  clk
                         net (fo=0)                   0.000     0.000    clk
    AH16                 IBUF (Prop_ibuf_I_O)         0.368     0.368 r  clk_IBUF_inst/O
                         net (fo=8, routed)           1.389     1.757    clk_IBUF
    BUFGCTRL_X0Y0        BUFG (Prop_bufg_I_O)         0.030     1.787 r  clk_IBUF_BUFG_inst/O
                         net (fo=677, routed)         0.853     2.640    cpu/ram_1/CLK
    SLICE_X42Y116        FDRE                                         r  cpu/ram_1/_05__reg[18]/C
                         clock pessimism              0.000     2.640    <hidden>
                         clock uncertainty            0.035     2.675    <hidden>
    SLICE_X42Y116        FDRE (Hold_fdre_C_CE)        0.030     2.705    cpu/ram_1/_05__reg[18]
  -------------------------------------------------------------------
                         required time                         -2.705    <hidden>
                         arrival time                           2.146    <hidden>
  -------------------------------------------------------------------
                         slack                                 -0.560    <hidden>

Slack (VIOLATED) :        -0.560ns  (arrival time - required time)
  Source:                 clk
                            (clock source 'clk'  {rise@0.000ns fall@2.700ns period=5.400ns})
  Destination:            cpu/ram_1/_05__reg[20]/CE
                            (rising edge-triggered cell FDRE clocked by clk  {rise@0.000ns fall@2.700ns period=5.400ns})
  Path Group:             clk
  Path Type:              Hold (Min at Fast Process Corner)
  Requirement:            0.000ns  (clk rise@0.000ns - clk rise@0.000ns)
  Data Path Delay:        2.146ns  (logic 0.146ns (6.796%)  route 2.000ns (93.204%))
  Logic Levels:           2  (BUFG=1 IBUF=1)
  Clock Path Skew:        2.640ns (DCD - SCD - CPR)
    Destination Clock Delay (DCD):    2.640ns
    Source Clock Delay      (SCD):    0.000ns
    Clock Pessimism Removal (CPR):    -0.000ns
  Clock Uncertainty:      0.035ns  ((TSJ^2 + TIJ^2)^1/2 + DJ) / 2 + PE
    Total System Jitter     (TSJ):    0.071ns
    Total Input Jitter      (TIJ):    0.000ns
    Discrete Jitter          (DJ):    0.000ns
    Phase Error              (PE):    0.000ns

    Location             Delay type                Incr(ns)  Path(ns)    Netlist Resource(s)
  -------------------------------------------------------------------    -------------------
                         (clock clk rise edge)        0.000     0.000 r  <hidden>
    AH16                                              0.000     0.000 r  clk
                         net (fo=0)                   0.000     0.000    clk
    AH16                 IBUF (Prop_ibuf_I_O)         0.120     0.120 r  clk_IBUF_inst/O
                         net (fo=8, routed)           1.316     1.436    clk_IBUF
    BUFGCTRL_X0Y0        BUFG (Prop_bufg_I_O)         0.026     1.462 r  clk_IBUF_BUFG_inst/O
                         net (fo=677, routed)         0.684     2.146    cpu/ram_1/CLK
    SLICE_X42Y116        FDRE                                         r  cpu/ram_1/_05__reg[20]/CE
  -------------------------------------------------------------------    -------------------

                         (clock clk rise edge)        0.000     0.000 r  <hidden>
    AH16                                              0.000     0.000 r  clk
                         net (fo=0)                   0.000     0.000    clk
    AH16                 IBUF (Prop_ibuf_I_O)         0.368     0.368 r  clk_IBUF_inst/O
                         net (fo=8, routed)           1.389     1.757    clk_IBUF
    BUFGCTRL_X0Y0        BUFG (Prop_bufg_I_O)         0.030     1.787 r  clk_IBUF_BUFG_inst/O
                         net (fo=677, routed)         0.853     2.640    cpu/ram_1/CLK
    SLICE_X42Y116        FDRE                                         r  cpu/ram_1/_05__reg[20]/C
                         clock pessimism              0.000     2.640    <hidden>
                         clock uncertainty            0.035     2.675    <hidden>
    SLICE_X42Y116        FDRE (Hold_fdre_C_CE)        0.030     2.705    cpu/ram_1/_05__reg[20]
  -------------------------------------------------------------------
                         required time                         -2.705    <hidden>
                         arrival time                           2.146    <hidden>
  -------------------------------------------------------------------
                         slack                                 -0.560    <hidden>

Slack (VIOLATED) :        -0.560ns  (arrival time - required time)
  Source:                 clk
                            (clock source 'clk'  {rise@0.000ns fall@2.700ns period=5.400ns})
  Destination:            cpu/ram_1/_10__reg/CE
                            (rising edge-triggered cell FDRE clocked by clk  {rise@0.000ns fall@2.700ns period=5.400ns})
  Path Group:             clk
  Path Type:              Hold (Min at Fast Process Corner)
  Requirement:            0.000ns  (clk rise@0.000ns - clk rise@0.000ns)
  Data Path Delay:        2.138ns  (logic 0.146ns (6.822%)  route 1.992ns (93.178%))
  Logic Levels:           2  (BUFG=1 IBUF=1)
  Clock Path Skew:        2.632ns (DCD - SCD - CPR)
    Destination Clock Delay (DCD):    2.632ns
    Source Clock Delay      (SCD):    0.000ns
    Clock Pessimism Removal (CPR):    -0.000ns
  Clock Uncertainty:      0.035ns  ((TSJ^2 + TIJ^2)^1/2 + DJ) / 2 + PE
    Total System Jitter     (TSJ):    0.071ns
    Total Input Jitter      (TIJ):    0.000ns
    Discrete Jitter          (DJ):    0.000ns
    Phase Error              (PE):    0.000ns

    Location             Delay type                Incr(ns)  Path(ns)    Netlist Resource(s)
  -------------------------------------------------------------------    -------------------
                         (clock clk rise edge)        0.000     0.000 r  <hidden>
    AH16                                              0.000     0.000 r  clk
                         net (fo=0)                   0.000     0.000    clk
    AH16                 IBUF (Prop_ibuf_I_O)         0.120     0.120 r  clk_IBUF_inst/O
                         net (fo=8, routed)           1.316     1.436    clk_IBUF
    BUFGCTRL_X0Y0        BUFG (Prop_bufg_I_O)         0.026     1.462 r  clk_IBUF_BUFG_inst/O
                         net (fo=677, routed)         0.676     2.138    cpu/ram_1/CLK
    SLICE_X52Y122        FDRE                                         r  cpu/ram_1/_10__reg/CE
  -------------------------------------------------------------------    -------------------

                         (clock clk rise edge)        0.000     0.000 r  <hidden>
    AH16                                              0.000     0.000 r  clk
                         net (fo=0)                   0.000     0.000    clk
    AH16                 IBUF (Prop_ibuf_I_O)         0.368     0.368 r  clk_IBUF_inst/O
                         net (fo=8, routed)           1.389     1.757    clk_IBUF
    BUFGCTRL_X0Y0        BUFG (Prop_bufg_I_O)         0.030     1.787 r  clk_IBUF_BUFG_inst/O
                         net (fo=677, routed)         0.845     2.632    cpu/ram_1/CLK
    SLICE_X52Y122        FDRE                                         r  cpu/ram_1/_10__reg/C
                         clock pessimism              0.000     2.632    <hidden>
                         clock uncertainty            0.035     2.667    <hidden>
    SLICE_X52Y122        FDRE (Hold_fdre_C_CE)        0.030     2.697    cpu/ram_1/_10__reg
  -------------------------------------------------------------------
                         required time                         -2.697    <hidden>
                         arrival time                           2.138    <hidden>
  -------------------------------------------------------------------
                         slack                                 -0.560    <hidden>

Slack (VIOLATED) :        -0.560ns  (arrival time - required time)
  Source:                 clk
                            (clock source 'clk'  {rise@0.000ns fall@2.700ns period=5.400ns})
  Destination:            cpu/ram_1/_05__reg[12]/CE
                            (rising edge-triggered cell FDRE clocked by clk  {rise@0.000ns fall@2.700ns period=5.400ns})
  Path Group:             clk
  Path Type:              Hold (Min at Fast Process Corner)
  Requirement:            0.000ns  (clk rise@0.000ns - clk rise@0.000ns)
  Data Path Delay:        2.145ns  (logic 0.146ns (6.799%)  route 1.999ns (93.201%))
  Logic Levels:           2  (BUFG=1 IBUF=1)
  Clock Path Skew:        2.639ns (DCD - SCD - CPR)
    Destination Clock Delay (DCD):    2.639ns
    Source Clock Delay      (SCD):    0.000ns
    Clock Pessimism Removal (CPR):    -0.000ns
  Clock Uncertainty:      0.035ns  ((TSJ^2 + TIJ^2)^1/2 + DJ) / 2 + PE
    Total System Jitter     (TSJ):    0.071ns
    Total Input Jitter      (TIJ):    0.000ns
    Discrete Jitter          (DJ):    0.000ns
    Phase Error              (PE):    0.000ns

    Location             Delay type                Incr(ns)  Path(ns)    Netlist Resource(s)
  -------------------------------------------------------------------    -------------------
                         (clock clk rise edge)        0.000     0.000 r  <hidden>
    AH16                                              0.000     0.000 r  clk
                         net (fo=0)                   0.000     0.000    clk
    AH16                 IBUF (Prop_ibuf_I_O)         0.120     0.120 r  clk_IBUF_inst/O
                         net (fo=8, routed)           1.316     1.436    clk_IBUF
    BUFGCTRL_X0Y0        BUFG (Prop_bufg_I_O)         0.026     1.462 r  clk_IBUF_BUFG_inst/O
                         net (fo=677, routed)         0.683     2.145    cpu/ram_1/CLK
    SLICE_X44Y117        FDRE                                         r  cpu/ram_1/_05__reg[12]/CE
  -------------------------------------------------------------------    -------------------

                         (clock clk rise edge)        0.000     0.000 r  <hidden>
    AH16                                              0.000     0.000 r  clk
                         net (fo=0)                   0.000     0.000    clk
    AH16                 IBUF (Prop_ibuf_I_O)         0.368     0.368 r  clk_IBUF_inst/O
                         net (fo=8, routed)           1.389     1.757    clk_IBUF
    BUFGCTRL_X0Y0        BUFG (Prop_bufg_I_O)         0.030     1.787 r  clk_IBUF_BUFG_inst/O
                         net (fo=677, routed)         0.852     2.639    cpu/ram_1/CLK
    SLICE_X44Y117        FDRE                                         r  cpu/ram_1/_05__reg[12]/C
                         clock pessimism              0.000     2.639    <hidden>
                         clock uncertainty            0.035     2.674    <hidden>
    SLICE_X44Y117        FDRE (Hold_fdre_C_CE)        0.030     2.704    cpu/ram_1/_05__reg[12]
  -------------------------------------------------------------------
                         required time                         -2.704    <hidden>
                         arrival time                           2.145    <hidden>
  -------------------------------------------------------------------
                         slack                                 -0.560    <hidden>

Slack (VIOLATED) :        -0.560ns  (arrival time - required time)
  Source:                 clk
                            (clock source 'clk'  {rise@0.000ns fall@2.700ns period=5.400ns})
  Destination:            cpu/ram_1/_05__reg[13]/CE
                            (rising edge-triggered cell FDRE clocked by clk  {rise@0.000ns fall@2.700ns period=5.400ns})
  Path Group:             clk
  Path Type:              Hold (Min at Fast Process Corner)
  Requirement:            0.000ns  (clk rise@0.000ns - clk rise@0.000ns)
  Data Path Delay:        2.145ns  (logic 0.146ns (6.799%)  route 1.999ns (93.201%))
  Logic Levels:           2  (BUFG=1 IBUF=1)
  Clock Path Skew:        2.639ns (DCD - SCD - CPR)
    Destination Clock Delay (DCD):    2.639ns
    Source Clock Delay      (SCD):    0.000ns
    Clock Pessimism Removal (CPR):    -0.000ns
  Clock Uncertainty:      0.035ns  ((TSJ^2 + TIJ^2)^1/2 + DJ) / 2 + PE
    Total System Jitter     (TSJ):    0.071ns
    Total Input Jitter      (TIJ):    0.000ns
    Discrete Jitter          (DJ):    0.000ns
    Phase Error              (PE):    0.000ns

    Location             Delay type                Incr(ns)  Path(ns)    Netlist Resource(s)
  -------------------------------------------------------------------    -------------------
                         (clock clk rise edge)        0.000     0.000 r  <hidden>
    AH16                                              0.000     0.000 r  clk
                         net (fo=0)                   0.000     0.000    clk
    AH16                 IBUF (Prop_ibuf_I_O)         0.120     0.120 r  clk_IBUF_inst/O
                         net (fo=8, routed)           1.316     1.436    clk_IBUF
    BUFGCTRL_X0Y0        BUFG (Prop_bufg_I_O)         0.026     1.462 r  clk_IBUF_BUFG_inst/O
                         net (fo=677, routed)         0.683     2.145    cpu/ram_1/CLK
    SLICE_X44Y117        FDRE                                         r  cpu/ram_1/_05__reg[13]/CE
  -------------------------------------------------------------------    -------------------

                         (clock clk rise edge)        0.000     0.000 r  <hidden>
    AH16                                              0.000     0.000 r  clk
                         net (fo=0)                   0.000     0.000    clk
    AH16                 IBUF (Prop_ibuf_I_O)         0.368     0.368 r  clk_IBUF_inst/O
                         net (fo=8, routed)           1.389     1.757    clk_IBUF
    BUFGCTRL_X0Y0        BUFG (Prop_bufg_I_O)         0.030     1.787 r  clk_IBUF_BUFG_inst/O
                         net (fo=677, routed)         0.852     2.639    cpu/ram_1/CLK
    SLICE_X44Y117        FDRE                                         r  cpu/ram_1/_05__reg[13]/C
                         clock pessimism              0.000     2.639    <hidden>
                         clock uncertainty            0.035     2.674    <hidden>
    SLICE_X44Y117        FDRE (Hold_fdre_C_CE)        0.030     2.704    cpu/ram_1/_05__reg[13]
  -------------------------------------------------------------------
                         required time                         -2.704    <hidden>
                         arrival time                           2.145    <hidden>
  -------------------------------------------------------------------
                         slack                                 -0.560    <hidden>

Slack (VIOLATED) :        -0.560ns  (arrival time - required time)
  Source:                 clk
                            (clock source 'clk'  {rise@0.000ns fall@2.700ns period=5.400ns})
  Destination:            cpu/ram_1/_05__reg[8]/CE
                            (rising edge-triggered cell FDRE clocked by clk  {rise@0.000ns fall@2.700ns period=5.400ns})
  Path Group:             clk
  Path Type:              Hold (Min at Fast Process Corner)
  Requirement:            0.000ns  (clk rise@0.000ns - clk rise@0.000ns)
  Data Path Delay:        2.145ns  (logic 0.146ns (6.799%)  route 1.999ns (93.201%))
  Logic Levels:           2  (BUFG=1 IBUF=1)
  Clock Path Skew:        2.639ns (DCD - SCD - CPR)
    Destination Clock Delay (DCD):    2.639ns
    Source Clock Delay      (SCD):    0.000ns
    Clock Pessimism Removal (CPR):    -0.000ns
  Clock Uncertainty:      0.035ns  ((TSJ^2 + TIJ^2)^1/2 + DJ) / 2 + PE
    Total System Jitter     (TSJ):    0.071ns
    Total Input Jitter      (TIJ):    0.000ns
    Discrete Jitter          (DJ):    0.000ns
    Phase Error              (PE):    0.000ns

    Location             Delay type                Incr(ns)  Path(ns)    Netlist Resource(s)
  -------------------------------------------------------------------    -------------------
                         (clock clk rise edge)        0.000     0.000 r  <hidden>
    AH16                                              0.000     0.000 r  clk
                         net (fo=0)                   0.000     0.000    clk
    AH16                 IBUF (Prop_ibuf_I_O)         0.120     0.120 r  clk_IBUF_inst/O
                         net (fo=8, routed)           1.316     1.436    clk_IBUF
    BUFGCTRL_X0Y0        BUFG (Prop_bufg_I_O)         0.026     1.462 r  clk_IBUF_BUFG_inst/O
                         net (fo=677, routed)         0.683     2.145    cpu/ram_1/CLK
    SLICE_X42Y117        FDRE                                         r  cpu/ram_1/_05__reg[8]/CE
  -------------------------------------------------------------------    -------------------

                         (clock clk rise edge)        0.000     0.000 r  <hidden>
    AH16                                              0.000     0.000 r  clk
                         net (fo=0)                   0.000     0.000    clk
    AH16                 IBUF (Prop_ibuf_I_O)         0.368     0.368 r  clk_IBUF_inst/O
                         net (fo=8, routed)           1.389     1.757    clk_IBUF
    BUFGCTRL_X0Y0        BUFG (Prop_bufg_I_O)         0.030     1.787 r  clk_IBUF_BUFG_inst/O
                         net (fo=677, routed)         0.852     2.639    cpu/ram_1/CLK
    SLICE_X42Y117        FDRE                                         r  cpu/ram_1/_05__reg[8]/C
                         clock pessimism              0.000     2.639    <hidden>
                         clock uncertainty            0.035     2.674    <hidden>
    SLICE_X42Y117        FDRE (Hold_fdre_C_CE)        0.030     2.704    cpu/ram_1/_05__reg[8]
  -------------------------------------------------------------------
                         required time                         -2.704    <hidden>
                         arrival time                           2.145    <hidden>
  -------------------------------------------------------------------
                         slack                                 -0.560    <hidden>

Slack (VIOLATED) :        -0.559ns  (arrival time - required time)
  Source:                 clk
                            (clock source 'clk'  {rise@0.000ns fall@2.700ns period=5.400ns})
  Destination:            cpu/block_transfer_control_1/done_reg/_4__reg/CE
                            (rising edge-triggered cell FDRE clocked by clk  {rise@0.000ns fall@2.700ns period=5.400ns})
  Path Group:             clk
  Path Type:              Hold (Min at Fast Process Corner)
  Requirement:            0.000ns  (clk rise@0.000ns - clk rise@0.000ns)
  Data Path Delay:        2.135ns  (logic 0.146ns (6.831%)  route 1.989ns (93.169%))
  Logic Levels:           2  (BUFG=1 IBUF=1)
  Clock Path Skew:        2.628ns (DCD - SCD - CPR)
    Destination Clock Delay (DCD):    2.628ns
    Source Clock Delay      (SCD):    0.000ns
    Clock Pessimism Removal (CPR):    -0.000ns
  Clock Uncertainty:      0.035ns  ((TSJ^2 + TIJ^2)^1/2 + DJ) / 2 + PE
    Total System Jitter     (TSJ):    0.071ns
    Total Input Jitter      (TIJ):    0.000ns
    Discrete Jitter          (DJ):    0.000ns
    Phase Error              (PE):    0.000ns

    Location             Delay type                Incr(ns)  Path(ns)    Netlist Resource(s)
  -------------------------------------------------------------------    -------------------
                         (clock clk rise edge)        0.000     0.000 r  <hidden>
    AH16                                              0.000     0.000 r  clk
                         net (fo=0)                   0.000     0.000    clk
    AH16                 IBUF (Prop_ibuf_I_O)         0.120     0.120 r  clk_IBUF_inst/O
                         net (fo=8, routed)           1.316     1.436    clk_IBUF
    BUFGCTRL_X0Y0        BUFG (Prop_bufg_I_O)         0.026     1.462 r  clk_IBUF_BUFG_inst/O
                         net (fo=677, routed)         0.673     2.135    cpu/block_transfer_control_1/done_reg/CLK
    SLICE_X58Y128        FDRE                                         r  cpu/block_transfer_control_1/done_reg/_4__reg/CE
  -------------------------------------------------------------------    -------------------

                         (clock clk rise edge)        0.000     0.000 r  <hidden>
    AH16                                              0.000     0.000 r  clk
                         net (fo=0)                   0.000     0.000    clk
    AH16                 IBUF (Prop_ibuf_I_O)         0.368     0.368 r  clk_IBUF_inst/O
                         net (fo=8, routed)           1.389     1.757    clk_IBUF
    BUFGCTRL_X0Y0        BUFG (Prop_bufg_I_O)         0.030     1.787 r  clk_IBUF_BUFG_inst/O
                         net (fo=677, routed)         0.841     2.628    cpu/block_transfer_control_1/done_reg/CLK
    SLICE_X58Y128        FDRE                                         r  cpu/block_transfer_control_1/done_reg/_4__reg/C
                         clock pessimism              0.000     2.628    <hidden>
                         clock uncertainty            0.035     2.663    <hidden>
    SLICE_X58Y128        FDRE (Hold_fdre_C_CE)        0.030     2.693    cpu/block_transfer_control_1/done_reg/_4__reg
  -------------------------------------------------------------------
                         required time                         -2.693    <hidden>
                         arrival time                           2.135    <hidden>
  -------------------------------------------------------------------
                         slack                                 -0.559    <hidden>

Slack (VIOLATED) :        -0.559ns  (arrival time - required time)
  Source:                 clk
                            (clock source 'clk'  {rise@0.000ns fall@2.700ns period=5.400ns})
  Destination:            cpu/pc_fetch_1/pc/_4__reg[2]/CE
                            (rising edge-triggered cell FDRE clocked by clk  {rise@0.000ns fall@2.700ns period=5.400ns})
  Path Group:             clk
  Path Type:              Hold (Min at Fast Process Corner)
  Requirement:            0.000ns  (clk rise@0.000ns - clk rise@0.000ns)
  Data Path Delay:        2.138ns  (logic 0.146ns (6.822%)  route 1.992ns (93.178%))
  Logic Levels:           2  (BUFG=1 IBUF=1)
  Clock Path Skew:        2.631ns (DCD - SCD - CPR)
    Destination Clock Delay (DCD):    2.631ns
    Source Clock Delay      (SCD):    0.000ns
    Clock Pessimism Removal (CPR):    -0.000ns
  Clock Uncertainty:      0.035ns  ((TSJ^2 + TIJ^2)^1/2 + DJ) / 2 + PE
    Total System Jitter     (TSJ):    0.071ns
    Total Input Jitter      (TIJ):    0.000ns
    Discrete Jitter          (DJ):    0.000ns
    Phase Error              (PE):    0.000ns

    Location             Delay type                Incr(ns)  Path(ns)    Netlist Resource(s)
  -------------------------------------------------------------------    -------------------
                         (clock clk rise edge)        0.000     0.000 r  <hidden>
    AH16                                              0.000     0.000 r  clk
                         net (fo=0)                   0.000     0.000    clk
    AH16                 IBUF (Prop_ibuf_I_O)         0.120     0.120 r  clk_IBUF_inst/O
                         net (fo=8, routed)           1.316     1.436    clk_IBUF
    BUFGCTRL_X0Y0        BUFG (Prop_bufg_I_O)         0.026     1.462 r  clk_IBUF_BUFG_inst/O
                         net (fo=677, routed)         0.676     2.138    cpu/pc_fetch_1/pc/CLK
    SLICE_X54Y130        FDRE                                         r  cpu/pc_fetch_1/pc/_4__reg[2]/CE
  -------------------------------------------------------------------    -------------------

                         (clock clk rise edge)        0.000     0.000 r  <hidden>
    AH16                                              0.000     0.000 r  clk
                         net (fo=0)                   0.000     0.000    clk
    AH16                 IBUF (Prop_ibuf_I_O)         0.368     0.368 r  clk_IBUF_inst/O
                         net (fo=8, routed)           1.389     1.757    clk_IBUF
    BUFGCTRL_X0Y0        BUFG (Prop_bufg_I_O)         0.030     1.787 r  clk_IBUF_BUFG_inst/O
                         net (fo=677, routed)         0.844     2.631    cpu/pc_fetch_1/pc/CLK
    SLICE_X54Y130        FDRE                                         r  cpu/pc_fetch_1/pc/_4__reg[2]/C
                         clock pessimism              0.000     2.631    <hidden>
                         clock uncertainty            0.035     2.666    <hidden>
    SLICE_X54Y130        FDRE (Hold_fdre_C_CE)        0.030     2.696    cpu/pc_fetch_1/pc/_4__reg[2]
  -------------------------------------------------------------------
                         required time                         -2.696    <hidden>
                         arrival time                           2.138    <hidden>
  -------------------------------------------------------------------
                         slack                                 -0.559    <hidden>

Slack (VIOLATED) :        -0.559ns  (arrival time - required time)
  Source:                 clk
                            (clock source 'clk'  {rise@0.000ns fall@2.700ns period=5.400ns})
  Destination:            cpu/pc_fetch_1/pc/_4__reg[3]/CE
                            (rising edge-triggered cell FDRE clocked by clk  {rise@0.000ns fall@2.700ns period=5.400ns})
  Path Group:             clk
  Path Type:              Hold (Min at Fast Process Corner)
  Requirement:            0.000ns  (clk rise@0.000ns - clk rise@0.000ns)
  Data Path Delay:        2.138ns  (logic 0.146ns (6.822%)  route 1.992ns (93.178%))
  Logic Levels:           2  (BUFG=1 IBUF=1)
  Clock Path Skew:        2.631ns (DCD - SCD - CPR)
    Destination Clock Delay (DCD):    2.631ns
    Source Clock Delay      (SCD):    0.000ns
    Clock Pessimism Removal (CPR):    -0.000ns
  Clock Uncertainty:      0.035ns  ((TSJ^2 + TIJ^2)^1/2 + DJ) / 2 + PE
    Total System Jitter     (TSJ):    0.071ns
    Total Input Jitter      (TIJ):    0.000ns
    Discrete Jitter          (DJ):    0.000ns
    Phase Error              (PE):    0.000ns

    Location             Delay type                Incr(ns)  Path(ns)    Netlist Resource(s)
  -------------------------------------------------------------------    -------------------
                         (clock clk rise edge)        0.000     0.000 r  <hidden>
    AH16                                              0.000     0.000 r  clk
                         net (fo=0)                   0.000     0.000    clk
    AH16                 IBUF (Prop_ibuf_I_O)         0.120     0.120 r  clk_IBUF_inst/O
                         net (fo=8, routed)           1.316     1.436    clk_IBUF
    BUFGCTRL_X0Y0        BUFG (Prop_bufg_I_O)         0.026     1.462 r  clk_IBUF_BUFG_inst/O
                         net (fo=677, routed)         0.676     2.138    cpu/pc_fetch_1/pc/CLK
    SLICE_X54Y130        FDRE                                         r  cpu/pc_fetch_1/pc/_4__reg[3]/CE
  -------------------------------------------------------------------    -------------------

                         (clock clk rise edge)        0.000     0.000 r  <hidden>
    AH16                                              0.000     0.000 r  clk
                         net (fo=0)                   0.000     0.000    clk
    AH16                 IBUF (Prop_ibuf_I_O)         0.368     0.368 r  clk_IBUF_inst/O
                         net (fo=8, routed)           1.389     1.757    clk_IBUF
    BUFGCTRL_X0Y0        BUFG (Prop_bufg_I_O)         0.030     1.787 r  clk_IBUF_BUFG_inst/O
                         net (fo=677, routed)         0.844     2.631    cpu/pc_fetch_1/pc/CLK
    SLICE_X54Y130        FDRE                                         r  cpu/pc_fetch_1/pc/_4__reg[3]/C
                         clock pessimism              0.000     2.631    <hidden>
                         clock uncertainty            0.035     2.666    <hidden>
    SLICE_X54Y130        FDRE (Hold_fdre_C_CE)        0.030     2.696    cpu/pc_fetch_1/pc/_4__reg[3]
  -------------------------------------------------------------------
                         required time                         -2.696    <hidden>
                         arrival time                           2.138    <hidden>
  -------------------------------------------------------------------
                         slack                                 -0.559    <hidden>





Pulse Width Checks
--------------------------------------------------------------------------------------
Clock Name:         clk
Waveform(ns):       { 0.000 2.700 }
Period(ns):         5.400
Sources:            { clk }

Check Type        Corner  Lib Pin             Reference Pin  Required(ns)  Actual(ns)  Slack(ns)  Location       Pin
Min Period        n/a     RAMB18E1/CLKARDCLK  n/a            2.095         5.400       3.305      RAMB18_X2Y46   cpu/ram_1/s_memcontents_reg/CLKARDCLK
Min Period        n/a     RAMB18E1/CLKBWRCLK  n/a            2.095         5.400       3.305      RAMB18_X2Y46   cpu/ram_1/s_memcontents_reg/CLKBWRCLK
Min Period        n/a     BUFG/I              n/a            1.408         5.400       3.992      BUFGCTRL_X0Y0  clk_IBUF_BUFG_inst/I
Min Period        n/a     FDRE/C              n/a            0.750         5.400       4.650      SLICE_X57Y129  cpu/block_transfer_control_1/reg_index/_4__reg[3]/C
Min Period        n/a     FDRE/C              n/a            0.750         5.400       4.650      SLICE_X51Y143  cpu/reg16x32_1_1/r10/_4__reg[21]/C
Min Period        n/a     FDRE/C              n/a            0.750         5.400       4.650      SLICE_X48Y128  cpu/reg16x32_1_1/r10/_4__reg[6]/C
Min Period        n/a     FDRE/C              n/a            0.750         5.400       4.650      SLICE_X48Y128  cpu/reg16x32_1_1/r10/_4__reg[7]/C
Min Period        n/a     FDRE/C              n/a            0.750         5.400       4.650      SLICE_X48Y128  cpu/reg16x32_1_1/r10/_4__reg[8]/C
Min Period        n/a     FDRE/C              n/a            0.750         5.400       4.650      SLICE_X46Y131  cpu/reg16x32_1_1/r11/_4__reg[19]/C
Min Period        n/a     FDRE/C              n/a            0.750         5.400       4.650      SLICE_X54Y134  cpu/reg16x32_1_1/r11/_4__reg[22]/C
Low Pulse Width   Slow    FDRE/C              n/a            0.400         2.700       2.300      SLICE_X57Y129  cpu/block_transfer_control_1/reg_index/_4__reg[3]/C
Low Pulse Width   Fast    FDRE/C              n/a            0.400         2.700       2.300      SLICE_X57Y129  cpu/block_transfer_control_1/reg_index/_4__reg[3]/C
Low Pulse Width   Slow    FDRE/C              n/a            0.400         2.700       2.300      SLICE_X51Y143  cpu/reg16x32_1_1/r10/_4__reg[21]/C
Low Pulse Width   Fast    FDRE/C              n/a            0.400         2.700       2.300      SLICE_X51Y143  cpu/reg16x32_1_1/r10/_4__reg[21]/C
Low Pulse Width   Slow    FDRE/C              n/a            0.400         2.700       2.300      SLICE_X48Y128  cpu/reg16x32_1_1/r10/_4__reg[6]/C
Low Pulse Width   Fast    FDRE/C              n/a            0.400         2.700       2.300      SLICE_X48Y128  cpu/reg16x32_1_1/r10/_4__reg[6]/C
Low Pulse Width   Slow    FDRE/C              n/a            0.400         2.700       2.300      SLICE_X48Y128  cpu/reg16x32_1_1/r10/_4__reg[7]/C
Low Pulse Width   Fast    FDRE/C              n/a            0.400         2.700       2.300      SLICE_X48Y128  cpu/reg16x32_1_1/r10/_4__reg[7]/C
Low Pulse Width   Slow    FDRE/C              n/a            0.400         2.700       2.300      SLICE_X48Y128  cpu/reg16x32_1_1/r10/_4__reg[8]/C
Low Pulse Width   Fast    FDRE/C              n/a            0.400         2.700       2.300      SLICE_X48Y128  cpu/reg16x32_1_1/r10/_4__reg[8]/C
High Pulse Width  Slow    FDRE/C              n/a            0.350         2.700       2.350      SLICE_X47Y125  sig_reg[0]/C
High Pulse Width  Fast    FDRE/C              n/a            0.350         2.700       2.350      SLICE_X47Y125  sig_reg[0]/C
High Pulse Width  Slow    FDRE/C              n/a            0.350         2.700       2.350      SLICE_X59Y129  sig_reg[1]/C
High Pulse Width  Fast    FDRE/C              n/a            0.350         2.700       2.350      SLICE_X59Y129  sig_reg[1]/C
High Pulse Width  Slow    FDRE/C              n/a            0.350         2.700       2.350      SLICE_X51Y136  sig_reg[2]/C
High Pulse Width  Fast    FDRE/C              n/a            0.350         2.700       2.350      SLICE_X51Y136  sig_reg[2]/C
High Pulse Width  Slow    FDRE/C              n/a            0.350         2.700       2.350      SLICE_X45Y127  sig_reg[3]/C
High Pulse Width  Fast    FDRE/C              n/a            0.350         2.700       2.350      SLICE_X45Y127  sig_reg[3]/C
High Pulse Width  Slow    FDRE/C              n/a            0.350         2.700       2.350      SLICE_X60Y130  cpu/block_transfer_control_1/active_reg/_4__reg/C
High Pulse Width  Fast    FDRE/C              n/a            0.350         2.700       2.350      SLICE_X60Y130  cpu/block_transfer_control_1/active_reg/_4__reg/C



