Copyright 1986-2022 Xilinx, Inc. All Rights Reserved. Copyright 2022-2026 Advanced Micro Devices, Inc. All Rights Reserved.
----------------------------------------------------------------------------------------------------------------------------------------------------------
| Tool Version : Vivado v.2026.1 (lin64) Build 6511674 Tue Jun 16 11:01:26 MDT 2026
| Date         : Tue Aug 25 07:13:32 2026
| Host         : junaet-desktop running 64-bit Ubuntu 22.04.5 LTS
| Command      : report_timing_summary -delay_type max -max_paths 10 -file /home/junaet/Documents/CustomCPU/fpga/fmax/vivado_out_5p4ns/timing_summary.rpt
| Design       : cpu_timing_top
| Device       : 7k480t-ffg901
| Speed File   : -2  PRODUCTION 1.12 2017-02-17
| Design State : Routed
----------------------------------------------------------------------------------------------------------------------------------------------------------

Timing Summary Report

------------------------------------------------------------------------------------------------
| Timer Settings
| --------------
------------------------------------------------------------------------------------------------

  Enable Multi Corner Analysis               :  Yes
  Enable Pessimism Removal                   :  Yes
  Pessimism Removal Resolution               :  Nearest Common Node
  Enable Input Delay Default Clock           :  No
  Enable Preset / Clear Arcs                 :  No
  Disable Flight Delays                      :  No
  Ignore I/O Paths                           :  No
  Timing Early Launch at Borrowing Latches   :  No
  Borrow Time for Max Delay Exceptions       :  Yes
  Merge Timing Exceptions                    :  Yes
  Inter-SLR Compensation                     :  Conservative

  Corner  Analyze    Analyze    
  Name    Max Paths  Min Paths  
  ------  ---------  ---------  
  Slow    Yes        Yes        
  Fast    Yes        Yes        


------------------------------------------------------------------------------------------------
| Report Methodology
| ------------------
------------------------------------------------------------------------------------------------

No report available as report_methodology has not been run prior. Run report_methodology on the current design for the summary of methodology violations.



check_timing report

Table of Contents
-----------------
1. checking no_clock (0)
2. checking constant_clock (0)
3. checking pulse_width_clock (0)
4. checking unconstrained_internal_endpoints (0)
5. checking no_input_delay (0)
6. checking no_output_delay (4)
7. checking multiple_clock (0)
8. checking generated_clocks (0)
9. checking loops (0)
10. checking partial_input_delay (0)
11. checking partial_output_delay (0)
12. checking latch_loops (0)

1. checking no_clock (0)
------------------------
 There are 0 register/latch pins with no clock.


2. checking constant_clock (0)
------------------------------
 There are 0 register/latch pins with constant_clock.


3. checking pulse_width_clock (0)
---------------------------------
 There are 0 register/latch pins which need pulse_width check


4. checking unconstrained_internal_endpoints (0)
------------------------------------------------
 There are 0 pins that are not constrained for maximum delay.

 There are 0 pins that are not constrained for maximum delay due to constant clock.


5. checking no_input_delay (0)
------------------------------
 There are 0 input ports with no input delay specified.

 There are 0 input ports with no input delay but user has a false path constraint.


6. checking no_output_delay (4)
-------------------------------
 There are 4 ports with no output delay specified. (HIGH)

 There are 0 ports with no output delay but user has a false path constraint

 There are 0 ports with no output delay but with a timing clock defined on it or propagating through it


7. checking multiple_clock (0)
------------------------------
 There are 0 register/latch pins with multiple clocks.


8. checking generated_clocks (0)
--------------------------------
 There are 0 generated clocks that are not connected to a clock source.


9. checking loops (0)
---------------------
 There are 0 combinational loops in the design.


10. checking partial_input_delay (0)
------------------------------------
 There are 0 input ports with partial input delay specified.


11. checking partial_output_delay (0)
-------------------------------------
 There are 0 ports with partial output delay specified.


12. checking latch_loops (0)
----------------------------
 There are 0 combinational latch loops in the design through latch input



------------------------------------------------------------------------------------------------
| Design Timing Summary
| ---------------------
------------------------------------------------------------------------------------------------

    WNS(ns)      TNS(ns)  TNS Failing Endpoints  TNS Total Endpoints     WPWS(ns)     TPWS(ns)  TPWS Failing Endpoints  TPWS Total Endpoints  
    -------      -------  ---------------------  -------------------     --------     --------  ----------------------  --------------------  
     -0.152       -7.132                    110                 1284        2.300        0.000                       0                   621  


Timing constraints are not met.


------------------------------------------------------------------------------------------------
| Clock Summary
| -------------
------------------------------------------------------------------------------------------------

Clock  Waveform(ns)         Period(ns)      Frequency(MHz)
-----  ------------         ----------      --------------
clk    {0.000 2.700}        5.400           185.185         


------------------------------------------------------------------------------------------------
| Intra Clock Table
| -----------------
------------------------------------------------------------------------------------------------

Clock             WNS(ns)      TNS(ns)  TNS Failing Endpoints  TNS Total Endpoints     WPWS(ns)     TPWS(ns)  TPWS Failing Endpoints  TPWS Total Endpoints  
-----             -------      -------  ---------------------  -------------------     --------     --------  ----------------------  --------------------  
clk                -0.152       -7.132                    110                 1284        2.300        0.000                       0                   621  


------------------------------------------------------------------------------------------------
| Inter Clock Table
| -----------------
------------------------------------------------------------------------------------------------

From Clock    To Clock          WNS(ns)      TNS(ns)  TNS Failing Endpoints  TNS Total Endpoints  
----------    --------          -------      -------  ---------------------  -------------------  


------------------------------------------------------------------------------------------------
| Other Path Groups Table
| -----------------------
------------------------------------------------------------------------------------------------

Path Group    From Clock    To Clock          WNS(ns)      TNS(ns)  TNS Failing Endpoints  TNS Total Endpoints  
----------    ----------    --------          -------      -------  ---------------------  -------------------  


------------------------------------------------------------------------------------------------
| Timing Details
| --------------
------------------------------------------------------------------------------------------------


---------------------------------------------------------------------------------------------------
From Clock:  clk
  To Clock:  clk

Setup :          110  Failing Endpoints,  Worst Slack       -0.152ns,  Total Violation       -7.132ns
Hold  :           NA  Failing Endpoints,  Worst Slack           NA  ,  Total Violation           NA
PW    :            0  Failing Endpoints,  Worst Slack        2.300ns,  Total Violation        0.000ns
---------------------------------------------------------------------------------------------------


Max Delay Paths
--------------------------------------------------------------------------------------
Slack (VIOLATED) :        -0.152ns  (required time - arrival time)
  Source:                 cpu/pc_fetch_1/pc/_4__reg[8]/C
                            (rising edge-triggered cell FDRE clocked by clk  {rise@0.000ns fall@2.700ns period=5.400ns})
  Destination:            cpu/reg16x32_1_1/r15/_4__reg[4]/CE
                            (rising edge-triggered cell FDRE clocked by clk  {rise@0.000ns fall@2.700ns period=5.400ns})
  Path Group:             clk
  Path Type:              Setup (Max at Slow Process Corner)
  Requirement:            5.400ns  (clk rise@5.400ns - clk rise@0.000ns)
  Data Path Delay:        5.269ns  (logic 0.481ns (9.130%)  route 4.788ns (90.870%))
  Logic Levels:           6  (LUT3=1 LUT4=2 LUT5=1 LUT6=2)
  Clock Path Skew:        -0.047ns (DCD - SCD + CPR)
    Destination Clock Delay (DCD):    4.680ns = ( 10.080 - 5.400 ) 
    Source Clock Delay      (SCD):    5.036ns
    Clock Pessimism Removal (CPR):    0.309ns
  Clock Uncertainty:      0.035ns  ((TSJ^2 + TIJ^2)^1/2 + DJ) / 2 + PE
    Total System Jitter     (TSJ):    0.071ns
    Total Input Jitter      (TIJ):    0.000ns
    Discrete Jitter          (DJ):    0.000ns
    Phase Error              (PE):    0.000ns

    Location             Delay type                Incr(ns)  Path(ns)    Netlist Resource(s)
  -------------------------------------------------------------------    -------------------
                         (clock clk rise edge)        0.000     0.000 r  <hidden>
    AH16                                              0.000     0.000 r  clk
                         net (fo=0)                   0.000     0.000    clk
    AH16                 IBUF (Prop_ibuf_I_O)         0.778     0.778 r  clk_IBUF_inst/O
                         net (fo=8, routed)           2.715     3.493    clk_IBUF
    BUFGCTRL_X0Y0        BUFG (Prop_bufg_I_O)         0.093     3.586 r  clk_IBUF_BUFG_inst/O
                         net (fo=677, routed)         1.450     5.036    cpu/pc_fetch_1/pc/CLK
    SLICE_X56Y131        FDRE                                         r  cpu/pc_fetch_1/pc/_4__reg[8]/C
  -------------------------------------------------------------------    -------------------
    SLICE_X56Y131        FDRE (Prop_fdre_C_Q)         0.223     5.259 f  cpu/pc_fetch_1/pc/_4__reg[8]/Q
                         net (fo=7, routed)           0.378     5.637    cpu/pc_fetch_1/pc/Q[6]
    SLICE_X56Y131        LUT5 (Prop_lut5_I0_O)        0.043     5.680 f  cpu/pc_fetch_1/pc/_1__carry_i_12/O
                         net (fo=183, routed)         1.013     6.693    cpu/pc_fetch_1/pc/_4__reg[8]_0
    SLICE_X53Y122        LUT3 (Prop_lut3_I1_O)        0.043     6.736 r  cpu/pc_fetch_1/pc/_10__i_2/O
                         net (fo=9, routed)           0.694     7.430    cpu/pc_fetch_1/pc/_4__reg[2]_0
    SLICE_X58Y125        LUT4 (Prop_lut4_I1_O)        0.043     7.473 r  cpu/pc_fetch_1/pc/_4_[31]_i_3__3/O
                         net (fo=55, routed)          0.320     7.793    cpu/pc_fetch_1/pc/_4__reg[4]_2
    SLICE_X56Y124        LUT4 (Prop_lut4_I0_O)        0.043     7.836 r  cpu/pc_fetch_1/pc/_4_[31]_i_13/O
                         net (fo=2, routed)           0.363     8.199    cpu/pc_fetch_1/pc/_018_
    SLICE_X56Y124        LUT6 (Prop_lut6_I5_O)        0.043     8.242 f  cpu/pc_fetch_1/pc/_4_[31]_i_4__0/O
                         net (fo=8, routed)           0.436     8.678    cpu/pc_fetch_1/pc/_4__reg_38
    SLICE_X58Y123        LUT6 (Prop_lut6_I3_O)        0.043     8.721 r  cpu/pc_fetch_1/pc/_4_[31]_i_1__3/O
                         net (fo=32, routed)          1.583    10.305    cpu/reg16x32_1_1/r15/_2__6
    SLICE_X47Y124        FDRE                                         r  cpu/reg16x32_1_1/r15/_4__reg[4]/CE
  -------------------------------------------------------------------    -------------------

                         (clock clk rise edge)        5.400     5.400 r  <hidden>
    AH16                                              0.000     5.400 r  clk
                         net (fo=0)                   0.000     5.400    clk
    AH16                 IBUF (Prop_ibuf_I_O)         0.703     6.103 r  clk_IBUF_inst/O
                         net (fo=8, routed)           2.579     8.682    clk_IBUF
    BUFGCTRL_X0Y0        BUFG (Prop_bufg_I_O)         0.083     8.765 r  clk_IBUF_BUFG_inst/O
                         net (fo=677, routed)         1.315    10.080    cpu/reg16x32_1_1/r15/CLK
    SLICE_X47Y124        FDRE                                         r  cpu/reg16x32_1_1/r15/_4__reg[4]/C
                         clock pessimism              0.309    10.389    <hidden>
                         clock uncertainty           -0.035    10.354    <hidden>
    SLICE_X47Y124        FDRE (Setup_fdre_C_CE)      -0.201    10.153    cpu/reg16x32_1_1/r15/_4__reg[4]
  -------------------------------------------------------------------
                         required time                         10.153    <hidden>
                         arrival time                         -10.305    <hidden>
  -------------------------------------------------------------------
                         slack                                 -0.152    <hidden>

Slack (VIOLATED) :        -0.152ns  (required time - arrival time)
  Source:                 cpu/pc_fetch_1/pc/_4__reg[8]/C
                            (rising edge-triggered cell FDRE clocked by clk  {rise@0.000ns fall@2.700ns period=5.400ns})
  Destination:            cpu/reg16x32_1_1/r15/_4__reg[7]/CE
                            (rising edge-triggered cell FDRE clocked by clk  {rise@0.000ns fall@2.700ns period=5.400ns})
  Path Group:             clk
  Path Type:              Setup (Max at Slow Process Corner)
  Requirement:            5.400ns  (clk rise@5.400ns - clk rise@0.000ns)
  Data Path Delay:        5.269ns  (logic 0.481ns (9.130%)  route 4.788ns (90.870%))
  Logic Levels:           6  (LUT3=1 LUT4=2 LUT5=1 LUT6=2)
  Clock Path Skew:        -0.047ns (DCD - SCD + CPR)
    Destination Clock Delay (DCD):    4.680ns = ( 10.080 - 5.400 ) 
    Source Clock Delay      (SCD):    5.036ns
    Clock Pessimism Removal (CPR):    0.309ns
  Clock Uncertainty:      0.035ns  ((TSJ^2 + TIJ^2)^1/2 + DJ) / 2 + PE
    Total System Jitter     (TSJ):    0.071ns
    Total Input Jitter      (TIJ):    0.000ns
    Discrete Jitter          (DJ):    0.000ns
    Phase Error              (PE):    0.000ns

    Location             Delay type                Incr(ns)  Path(ns)    Netlist Resource(s)
  -------------------------------------------------------------------    -------------------
                         (clock clk rise edge)        0.000     0.000 r  <hidden>
    AH16                                              0.000     0.000 r  clk
                         net (fo=0)                   0.000     0.000    clk
    AH16                 IBUF (Prop_ibuf_I_O)         0.778     0.778 r  clk_IBUF_inst/O
                         net (fo=8, routed)           2.715     3.493    clk_IBUF
    BUFGCTRL_X0Y0        BUFG (Prop_bufg_I_O)         0.093     3.586 r  clk_IBUF_BUFG_inst/O
                         net (fo=677, routed)         1.450     5.036    cpu/pc_fetch_1/pc/CLK
    SLICE_X56Y131        FDRE                                         r  cpu/pc_fetch_1/pc/_4__reg[8]/C
  -------------------------------------------------------------------    -------------------
    SLICE_X56Y131        FDRE (Prop_fdre_C_Q)         0.223     5.259 f  cpu/pc_fetch_1/pc/_4__reg[8]/Q
                         net (fo=7, routed)           0.378     5.637    cpu/pc_fetch_1/pc/Q[6]
    SLICE_X56Y131        LUT5 (Prop_lut5_I0_O)        0.043     5.680 f  cpu/pc_fetch_1/pc/_1__carry_i_12/O
                         net (fo=183, routed)         1.013     6.693    cpu/pc_fetch_1/pc/_4__reg[8]_0
    SLICE_X53Y122        LUT3 (Prop_lut3_I1_O)        0.043     6.736 r  cpu/pc_fetch_1/pc/_10__i_2/O
                         net (fo=9, routed)           0.694     7.430    cpu/pc_fetch_1/pc/_4__reg[2]_0
    SLICE_X58Y125        LUT4 (Prop_lut4_I1_O)        0.043     7.473 r  cpu/pc_fetch_1/pc/_4_[31]_i_3__3/O
                         net (fo=55, routed)          0.320     7.793    cpu/pc_fetch_1/pc/_4__reg[4]_2
    SLICE_X56Y124        LUT4 (Prop_lut4_I0_O)        0.043     7.836 r  cpu/pc_fetch_1/pc/_4_[31]_i_13/O
                         net (fo=2, routed)           0.363     8.199    cpu/pc_fetch_1/pc/_018_
    SLICE_X56Y124        LUT6 (Prop_lut6_I5_O)        0.043     8.242 f  cpu/pc_fetch_1/pc/_4_[31]_i_4__0/O
                         net (fo=8, routed)           0.436     8.678    cpu/pc_fetch_1/pc/_4__reg_38
    SLICE_X58Y123        LUT6 (Prop_lut6_I3_O)        0.043     8.721 r  cpu/pc_fetch_1/pc/_4_[31]_i_1__3/O
                         net (fo=32, routed)          1.583    10.305    cpu/reg16x32_1_1/r15/_2__6
    SLICE_X47Y124        FDRE                                         r  cpu/reg16x32_1_1/r15/_4__reg[7]/CE
  -------------------------------------------------------------------    -------------------

                         (clock clk rise edge)        5.400     5.400 r  <hidden>
    AH16                                              0.000     5.400 r  clk
                         net (fo=0)                   0.000     5.400    clk
    AH16                 IBUF (Prop_ibuf_I_O)         0.703     6.103 r  clk_IBUF_inst/O
                         net (fo=8, routed)           2.579     8.682    clk_IBUF
    BUFGCTRL_X0Y0        BUFG (Prop_bufg_I_O)         0.083     8.765 r  clk_IBUF_BUFG_inst/O
                         net (fo=677, routed)         1.315    10.080    cpu/reg16x32_1_1/r15/CLK
    SLICE_X47Y124        FDRE                                         r  cpu/reg16x32_1_1/r15/_4__reg[7]/C
                         clock pessimism              0.309    10.389    <hidden>
                         clock uncertainty           -0.035    10.354    <hidden>
    SLICE_X47Y124        FDRE (Setup_fdre_C_CE)      -0.201    10.153    cpu/reg16x32_1_1/r15/_4__reg[7]
  -------------------------------------------------------------------
                         required time                         10.153    <hidden>
                         arrival time                         -10.305    <hidden>
  -------------------------------------------------------------------
                         slack                                 -0.152    <hidden>

Slack (VIOLATED) :        -0.143ns  (required time - arrival time)
  Source:                 cpu/pc_fetch_1/pc/_4__reg[8]/C
                            (rising edge-triggered cell FDRE clocked by clk  {rise@0.000ns fall@2.700ns period=5.400ns})
  Destination:            cpu/reg16x32_1_1/r2/_4__reg[21]/CE
                            (rising edge-triggered cell FDRE clocked by clk  {rise@0.000ns fall@2.700ns period=5.400ns})
  Path Group:             clk
  Path Type:              Setup (Max at Slow Process Corner)
  Requirement:            5.400ns  (clk rise@5.400ns - clk rise@0.000ns)
  Data Path Delay:        5.295ns  (logic 0.438ns (8.272%)  route 4.857ns (91.728%))
  Logic Levels:           5  (LUT3=1 LUT5=1 LUT6=3)
  Clock Path Skew:        -0.035ns (DCD - SCD + CPR)
    Destination Clock Delay (DCD):    4.692ns = ( 10.092 - 5.400 ) 
    Source Clock Delay      (SCD):    5.036ns
    Clock Pessimism Removal (CPR):    0.309ns
  Clock Uncertainty:      0.035ns  ((TSJ^2 + TIJ^2)^1/2 + DJ) / 2 + PE
    Total System Jitter     (TSJ):    0.071ns
    Total Input Jitter      (TIJ):    0.000ns
    Discrete Jitter          (DJ):    0.000ns
    Phase Error              (PE):    0.000ns

    Location             Delay type                Incr(ns)  Path(ns)    Netlist Resource(s)
  -------------------------------------------------------------------    -------------------
                         (clock clk rise edge)        0.000     0.000 r  <hidden>
    AH16                                              0.000     0.000 r  clk
                         net (fo=0)                   0.000     0.000    clk
    AH16                 IBUF (Prop_ibuf_I_O)         0.778     0.778 r  clk_IBUF_inst/O
                         net (fo=8, routed)           2.715     3.493    clk_IBUF
    BUFGCTRL_X0Y0        BUFG (Prop_bufg_I_O)         0.093     3.586 r  clk_IBUF_BUFG_inst/O
                         net (fo=677, routed)         1.450     5.036    cpu/pc_fetch_1/pc/CLK
    SLICE_X56Y131        FDRE                                         r  cpu/pc_fetch_1/pc/_4__reg[8]/C
  -------------------------------------------------------------------    -------------------
    SLICE_X56Y131        FDRE (Prop_fdre_C_Q)         0.223     5.259 f  cpu/pc_fetch_1/pc/_4__reg[8]/Q
                         net (fo=7, routed)           0.378     5.637    cpu/pc_fetch_1/pc/Q[6]
    SLICE_X56Y131        LUT5 (Prop_lut5_I0_O)        0.043     5.680 f  cpu/pc_fetch_1/pc/_1__carry_i_12/O
                         net (fo=183, routed)         1.013     6.693    cpu/pc_fetch_1/pc/_4__reg[8]_0
    SLICE_X53Y122        LUT3 (Prop_lut3_I1_O)        0.043     6.736 r  cpu/pc_fetch_1/pc/_10__i_2/O
                         net (fo=9, routed)           0.779     7.515    cpu/pc_fetch_1/pc/_4__reg[2]_0
    SLICE_X58Y125        LUT6 (Prop_lut6_I1_O)        0.043     7.558 r  cpu/pc_fetch_1/pc/_4__i_2/O
                         net (fo=11, routed)          0.489     8.047    cpu/pc_fetch_1/pc/_4__reg_33
    SLICE_X56Y124        LUT6 (Prop_lut6_I2_O)        0.043     8.090 f  cpu/pc_fetch_1/pc/_4_[31]_i_7__0/O
                         net (fo=8, routed)           0.442     8.532    cpu/pc_fetch_1/pc/_4__reg_37
    SLICE_X56Y123        LUT6 (Prop_lut6_I5_O)        0.043     8.575 r  cpu/pc_fetch_1/pc/_4_[31]_i_1__1/O
                         net (fo=32, routed)          1.756    10.331    cpu/reg16x32_1_1/r2/_2__7
    SLICE_X52Y143        FDRE                                         r  cpu/reg16x32_1_1/r2/_4__reg[21]/CE
  -------------------------------------------------------------------    -------------------

                         (clock clk rise edge)        5.400     5.400 r  <hidden>
    AH16                                              0.000     5.400 r  clk
                         net (fo=0)                   0.000     5.400    clk
    AH16                 IBUF (Prop_ibuf_I_O)         0.703     6.103 r  clk_IBUF_inst/O
                         net (fo=8, routed)           2.579     8.682    clk_IBUF
    BUFGCTRL_X0Y0        BUFG (Prop_bufg_I_O)         0.083     8.765 r  clk_IBUF_BUFG_inst/O
                         net (fo=677, routed)         1.327    10.092    cpu/reg16x32_1_1/r2/CLK
    SLICE_X52Y143        FDRE                                         r  cpu/reg16x32_1_1/r2/_4__reg[21]/C
                         clock pessimism              0.309    10.401    <hidden>
                         clock uncertainty           -0.035    10.366    <hidden>
    SLICE_X52Y143        FDRE (Setup_fdre_C_CE)      -0.178    10.188    cpu/reg16x32_1_1/r2/_4__reg[21]
  -------------------------------------------------------------------
                         required time                         10.188    <hidden>
                         arrival time                         -10.331    <hidden>
  -------------------------------------------------------------------
                         slack                                 -0.143    <hidden>

Slack (VIOLATED) :        -0.143ns  (required time - arrival time)
  Source:                 cpu/pc_fetch_1/pc/_4__reg[8]/C
                            (rising edge-triggered cell FDRE clocked by clk  {rise@0.000ns fall@2.700ns period=5.400ns})
  Destination:            cpu/reg16x32_1_1/r2/_4__reg[30]/CE
                            (rising edge-triggered cell FDRE clocked by clk  {rise@0.000ns fall@2.700ns period=5.400ns})
  Path Group:             clk
  Path Type:              Setup (Max at Slow Process Corner)
  Requirement:            5.400ns  (clk rise@5.400ns - clk rise@0.000ns)
  Data Path Delay:        5.295ns  (logic 0.438ns (8.272%)  route 4.857ns (91.728%))
  Logic Levels:           5  (LUT3=1 LUT5=1 LUT6=3)
  Clock Path Skew:        -0.035ns (DCD - SCD + CPR)
    Destination Clock Delay (DCD):    4.692ns = ( 10.092 - 5.400 ) 
    Source Clock Delay      (SCD):    5.036ns
    Clock Pessimism Removal (CPR):    0.309ns
  Clock Uncertainty:      0.035ns  ((TSJ^2 + TIJ^2)^1/2 + DJ) / 2 + PE
    Total System Jitter     (TSJ):    0.071ns
    Total Input Jitter      (TIJ):    0.000ns
    Discrete Jitter          (DJ):    0.000ns
    Phase Error              (PE):    0.000ns

    Location             Delay type                Incr(ns)  Path(ns)    Netlist Resource(s)
  -------------------------------------------------------------------    -------------------
                         (clock clk rise edge)        0.000     0.000 r  <hidden>
    AH16                                              0.000     0.000 r  clk
                         net (fo=0)                   0.000     0.000    clk
    AH16                 IBUF (Prop_ibuf_I_O)         0.778     0.778 r  clk_IBUF_inst/O
                         net (fo=8, routed)           2.715     3.493    clk_IBUF
    BUFGCTRL_X0Y0        BUFG (Prop_bufg_I_O)         0.093     3.586 r  clk_IBUF_BUFG_inst/O
                         net (fo=677, routed)         1.450     5.036    cpu/pc_fetch_1/pc/CLK
    SLICE_X56Y131        FDRE                                         r  cpu/pc_fetch_1/pc/_4__reg[8]/C
  -------------------------------------------------------------------    -------------------
    SLICE_X56Y131        FDRE (Prop_fdre_C_Q)         0.223     5.259 f  cpu/pc_fetch_1/pc/_4__reg[8]/Q
                         net (fo=7, routed)           0.378     5.637    cpu/pc_fetch_1/pc/Q[6]
    SLICE_X56Y131        LUT5 (Prop_lut5_I0_O)        0.043     5.680 f  cpu/pc_fetch_1/pc/_1__carry_i_12/O
                         net (fo=183, routed)         1.013     6.693    cpu/pc_fetch_1/pc/_4__reg[8]_0
    SLICE_X53Y122        LUT3 (Prop_lut3_I1_O)        0.043     6.736 r  cpu/pc_fetch_1/pc/_10__i_2/O
                         net (fo=9, routed)           0.779     7.515    cpu/pc_fetch_1/pc/_4__reg[2]_0
    SLICE_X58Y125        LUT6 (Prop_lut6_I1_O)        0.043     7.558 r  cpu/pc_fetch_1/pc/_4__i_2/O
                         net (fo=11, routed)          0.489     8.047    cpu/pc_fetch_1/pc/_4__reg_33
    SLICE_X56Y124        LUT6 (Prop_lut6_I2_O)        0.043     8.090 f  cpu/pc_fetch_1/pc/_4_[31]_i_7__0/O
                         net (fo=8, routed)           0.442     8.532    cpu/pc_fetch_1/pc/_4__reg_37
    SLICE_X56Y123        LUT6 (Prop_lut6_I5_O)        0.043     8.575 r  cpu/pc_fetch_1/pc/_4_[31]_i_1__1/O
                         net (fo=32, routed)          1.756    10.331    cpu/reg16x32_1_1/r2/_2__7
    SLICE_X52Y143        FDRE                                         r  cpu/reg16x32_1_1/r2/_4__reg[30]/CE
  -------------------------------------------------------------------    -------------------

                         (clock clk rise edge)        5.400     5.400 r  <hidden>
    AH16                                              0.000     5.400 r  clk
                         net (fo=0)                   0.000     5.400    clk
    AH16                 IBUF (Prop_ibuf_I_O)         0.703     6.103 r  clk_IBUF_inst/O
                         net (fo=8, routed)           2.579     8.682    clk_IBUF
    BUFGCTRL_X0Y0        BUFG (Prop_bufg_I_O)         0.083     8.765 r  clk_IBUF_BUFG_inst/O
                         net (fo=677, routed)         1.327    10.092    cpu/reg16x32_1_1/r2/CLK
    SLICE_X52Y143        FDRE                                         r  cpu/reg16x32_1_1/r2/_4__reg[30]/C
                         clock pessimism              0.309    10.401    <hidden>
                         clock uncertainty           -0.035    10.366    <hidden>
    SLICE_X52Y143        FDRE (Setup_fdre_C_CE)      -0.178    10.188    cpu/reg16x32_1_1/r2/_4__reg[30]
  -------------------------------------------------------------------
                         required time                         10.188    <hidden>
                         arrival time                         -10.331    <hidden>
  -------------------------------------------------------------------
                         slack                                 -0.143    <hidden>

Slack (VIOLATED) :        -0.134ns  (required time - arrival time)
  Source:                 cpu/pc_fetch_1/pc/_4__reg[8]/C
                            (rising edge-triggered cell FDRE clocked by clk  {rise@0.000ns fall@2.700ns period=5.400ns})
  Destination:            cpu/reg16x32_1_1/r2/_4__reg[17]/CE
                            (rising edge-triggered cell FDRE clocked by clk  {rise@0.000ns fall@2.700ns period=5.400ns})
  Path Group:             clk
  Path Type:              Setup (Max at Slow Process Corner)
  Requirement:            5.400ns  (clk rise@5.400ns - clk rise@0.000ns)
  Data Path Delay:        5.262ns  (logic 0.438ns (8.323%)  route 4.824ns (91.677%))
  Logic Levels:           5  (LUT3=1 LUT5=1 LUT6=3)
  Clock Path Skew:        -0.035ns (DCD - SCD + CPR)
    Destination Clock Delay (DCD):    4.692ns = ( 10.092 - 5.400 ) 
    Source Clock Delay      (SCD):    5.036ns
    Clock Pessimism Removal (CPR):    0.309ns
  Clock Uncertainty:      0.035ns  ((TSJ^2 + TIJ^2)^1/2 + DJ) / 2 + PE
    Total System Jitter     (TSJ):    0.071ns
    Total Input Jitter      (TIJ):    0.000ns
    Discrete Jitter          (DJ):    0.000ns
    Phase Error              (PE):    0.000ns

    Location             Delay type                Incr(ns)  Path(ns)    Netlist Resource(s)
  -------------------------------------------------------------------    -------------------
                         (clock clk rise edge)        0.000     0.000 r  <hidden>
    AH16                                              0.000     0.000 r  clk
                         net (fo=0)                   0.000     0.000    clk
    AH16                 IBUF (Prop_ibuf_I_O)         0.778     0.778 r  clk_IBUF_inst/O
                         net (fo=8, routed)           2.715     3.493    clk_IBUF
    BUFGCTRL_X0Y0        BUFG (Prop_bufg_I_O)         0.093     3.586 r  clk_IBUF_BUFG_inst/O
                         net (fo=677, routed)         1.450     5.036    cpu/pc_fetch_1/pc/CLK
    SLICE_X56Y131        FDRE                                         r  cpu/pc_fetch_1/pc/_4__reg[8]/C
  -------------------------------------------------------------------    -------------------
    SLICE_X56Y131        FDRE (Prop_fdre_C_Q)         0.223     5.259 f  cpu/pc_fetch_1/pc/_4__reg[8]/Q
                         net (fo=7, routed)           0.378     5.637    cpu/pc_fetch_1/pc/Q[6]
    SLICE_X56Y131        LUT5 (Prop_lut5_I0_O)        0.043     5.680 f  cpu/pc_fetch_1/pc/_1__carry_i_12/O
                         net (fo=183, routed)         1.013     6.693    cpu/pc_fetch_1/pc/_4__reg[8]_0
    SLICE_X53Y122        LUT3 (Prop_lut3_I1_O)        0.043     6.736 r  cpu/pc_fetch_1/pc/_10__i_2/O
                         net (fo=9, routed)           0.779     7.515    cpu/pc_fetch_1/pc/_4__reg[2]_0
    SLICE_X58Y125        LUT6 (Prop_lut6_I1_O)        0.043     7.558 r  cpu/pc_fetch_1/pc/_4__i_2/O
                         net (fo=11, routed)          0.489     8.047    cpu/pc_fetch_1/pc/_4__reg_33
    SLICE_X56Y124        LUT6 (Prop_lut6_I2_O)        0.043     8.090 f  cpu/pc_fetch_1/pc/_4_[31]_i_7__0/O
                         net (fo=8, routed)           0.442     8.532    cpu/pc_fetch_1/pc/_4__reg_37
    SLICE_X56Y123        LUT6 (Prop_lut6_I5_O)        0.043     8.575 r  cpu/pc_fetch_1/pc/_4_[31]_i_1__1/O
                         net (fo=32, routed)          1.723    10.299    cpu/reg16x32_1_1/r2/_2__7
    SLICE_X51Y141        FDRE                                         r  cpu/reg16x32_1_1/r2/_4__reg[17]/CE
  -------------------------------------------------------------------    -------------------

                         (clock clk rise edge)        5.400     5.400 r  <hidden>
    AH16                                              0.000     5.400 r  clk
                         net (fo=0)                   0.000     5.400    clk
    AH16                 IBUF (Prop_ibuf_I_O)         0.703     6.103 r  clk_IBUF_inst/O
                         net (fo=8, routed)           2.579     8.682    clk_IBUF
    BUFGCTRL_X0Y0        BUFG (Prop_bufg_I_O)         0.083     8.765 r  clk_IBUF_BUFG_inst/O
                         net (fo=677, routed)         1.327    10.092    cpu/reg16x32_1_1/r2/CLK
    SLICE_X51Y141        FDRE                                         r  cpu/reg16x32_1_1/r2/_4__reg[17]/C
                         clock pessimism              0.309    10.401    <hidden>
                         clock uncertainty           -0.035    10.366    <hidden>
    SLICE_X51Y141        FDRE (Setup_fdre_C_CE)      -0.201    10.165    cpu/reg16x32_1_1/r2/_4__reg[17]
  -------------------------------------------------------------------
                         required time                         10.165    <hidden>
                         arrival time                         -10.299    <hidden>
  -------------------------------------------------------------------
                         slack                                 -0.134    <hidden>

Slack (VIOLATED) :        -0.134ns  (required time - arrival time)
  Source:                 cpu/pc_fetch_1/pc/_4__reg[8]/C
                            (rising edge-triggered cell FDRE clocked by clk  {rise@0.000ns fall@2.700ns period=5.400ns})
  Destination:            cpu/reg16x32_1_1/r2/_4__reg[20]/CE
                            (rising edge-triggered cell FDRE clocked by clk  {rise@0.000ns fall@2.700ns period=5.400ns})
  Path Group:             clk
  Path Type:              Setup (Max at Slow Process Corner)
  Requirement:            5.400ns  (clk rise@5.400ns - clk rise@0.000ns)
  Data Path Delay:        5.262ns  (logic 0.438ns (8.323%)  route 4.824ns (91.677%))
  Logic Levels:           5  (LUT3=1 LUT5=1 LUT6=3)
  Clock Path Skew:        -0.035ns (DCD - SCD + CPR)
    Destination Clock Delay (DCD):    4.692ns = ( 10.092 - 5.400 ) 
    Source Clock Delay      (SCD):    5.036ns
    Clock Pessimism Removal (CPR):    0.309ns
  Clock Uncertainty:      0.035ns  ((TSJ^2 + TIJ^2)^1/2 + DJ) / 2 + PE
    Total System Jitter     (TSJ):    0.071ns
    Total Input Jitter      (TIJ):    0.000ns
    Discrete Jitter          (DJ):    0.000ns
    Phase Error              (PE):    0.000ns

    Location             Delay type                Incr(ns)  Path(ns)    Netlist Resource(s)
  -------------------------------------------------------------------    -------------------
                         (clock clk rise edge)        0.000     0.000 r  <hidden>
    AH16                                              0.000     0.000 r  clk
                         net (fo=0)                   0.000     0.000    clk
    AH16                 IBUF (Prop_ibuf_I_O)         0.778     0.778 r  clk_IBUF_inst/O
                         net (fo=8, routed)           2.715     3.493    clk_IBUF
    BUFGCTRL_X0Y0        BUFG (Prop_bufg_I_O)         0.093     3.586 r  clk_IBUF_BUFG_inst/O
                         net (fo=677, routed)         1.450     5.036    cpu/pc_fetch_1/pc/CLK
    SLICE_X56Y131        FDRE                                         r  cpu/pc_fetch_1/pc/_4__reg[8]/C
  -------------------------------------------------------------------    -------------------
    SLICE_X56Y131        FDRE (Prop_fdre_C_Q)         0.223     5.259 f  cpu/pc_fetch_1/pc/_4__reg[8]/Q
                         net (fo=7, routed)           0.378     5.637    cpu/pc_fetch_1/pc/Q[6]
    SLICE_X56Y131        LUT5 (Prop_lut5_I0_O)        0.043     5.680 f  cpu/pc_fetch_1/pc/_1__carry_i_12/O
                         net (fo=183, routed)         1.013     6.693    cpu/pc_fetch_1/pc/_4__reg[8]_0
    SLICE_X53Y122        LUT3 (Prop_lut3_I1_O)        0.043     6.736 r  cpu/pc_fetch_1/pc/_10__i_2/O
                         net (fo=9, routed)           0.779     7.515    cpu/pc_fetch_1/pc/_4__reg[2]_0
    SLICE_X58Y125        LUT6 (Prop_lut6_I1_O)        0.043     7.558 r  cpu/pc_fetch_1/pc/_4__i_2/O
                         net (fo=11, routed)          0.489     8.047    cpu/pc_fetch_1/pc/_4__reg_33
    SLICE_X56Y124        LUT6 (Prop_lut6_I2_O)        0.043     8.090 f  cpu/pc_fetch_1/pc/_4_[31]_i_7__0/O
                         net (fo=8, routed)           0.442     8.532    cpu/pc_fetch_1/pc/_4__reg_37
    SLICE_X56Y123        LUT6 (Prop_lut6_I5_O)        0.043     8.575 r  cpu/pc_fetch_1/pc/_4_[31]_i_1__1/O
                         net (fo=32, routed)          1.723    10.299    cpu/reg16x32_1_1/r2/_2__7
    SLICE_X51Y141        FDRE                                         r  cpu/reg16x32_1_1/r2/_4__reg[20]/CE
  -------------------------------------------------------------------    -------------------

                         (clock clk rise edge)        5.400     5.400 r  <hidden>
    AH16                                              0.000     5.400 r  clk
                         net (fo=0)                   0.000     5.400    clk
    AH16                 IBUF (Prop_ibuf_I_O)         0.703     6.103 r  clk_IBUF_inst/O
                         net (fo=8, routed)           2.579     8.682    clk_IBUF
    BUFGCTRL_X0Y0        BUFG (Prop_bufg_I_O)         0.083     8.765 r  clk_IBUF_BUFG_inst/O
                         net (fo=677, routed)         1.327    10.092    cpu/reg16x32_1_1/r2/CLK
    SLICE_X51Y141        FDRE                                         r  cpu/reg16x32_1_1/r2/_4__reg[20]/C
                         clock pessimism              0.309    10.401    <hidden>
                         clock uncertainty           -0.035    10.366    <hidden>
    SLICE_X51Y141        FDRE (Setup_fdre_C_CE)      -0.201    10.165    cpu/reg16x32_1_1/r2/_4__reg[20]
  -------------------------------------------------------------------
                         required time                         10.165    <hidden>
                         arrival time                         -10.299    <hidden>
  -------------------------------------------------------------------
                         slack                                 -0.134    <hidden>

Slack (VIOLATED) :        -0.134ns  (required time - arrival time)
  Source:                 cpu/pc_fetch_1/pc/_4__reg[8]/C
                            (rising edge-triggered cell FDRE clocked by clk  {rise@0.000ns fall@2.700ns period=5.400ns})
  Destination:            cpu/reg16x32_1_1/r2/_4__reg[24]/CE
                            (rising edge-triggered cell FDRE clocked by clk  {rise@0.000ns fall@2.700ns period=5.400ns})
  Path Group:             clk
  Path Type:              Setup (Max at Slow Process Corner)
  Requirement:            5.400ns  (clk rise@5.400ns - clk rise@0.000ns)
  Data Path Delay:        5.262ns  (logic 0.438ns (8.323%)  route 4.824ns (91.677%))
  Logic Levels:           5  (LUT3=1 LUT5=1 LUT6=3)
  Clock Path Skew:        -0.035ns (DCD - SCD + CPR)
    Destination Clock Delay (DCD):    4.692ns = ( 10.092 - 5.400 ) 
    Source Clock Delay      (SCD):    5.036ns
    Clock Pessimism Removal (CPR):    0.309ns
  Clock Uncertainty:      0.035ns  ((TSJ^2 + TIJ^2)^1/2 + DJ) / 2 + PE
    Total System Jitter     (TSJ):    0.071ns
    Total Input Jitter      (TIJ):    0.000ns
    Discrete Jitter          (DJ):    0.000ns
    Phase Error              (PE):    0.000ns

    Location             Delay type                Incr(ns)  Path(ns)    Netlist Resource(s)
  -------------------------------------------------------------------    -------------------
                         (clock clk rise edge)        0.000     0.000 r  <hidden>
    AH16                                              0.000     0.000 r  clk
                         net (fo=0)                   0.000     0.000    clk
    AH16                 IBUF (Prop_ibuf_I_O)         0.778     0.778 r  clk_IBUF_inst/O
                         net (fo=8, routed)           2.715     3.493    clk_IBUF
    BUFGCTRL_X0Y0        BUFG (Prop_bufg_I_O)         0.093     3.586 r  clk_IBUF_BUFG_inst/O
                         net (fo=677, routed)         1.450     5.036    cpu/pc_fetch_1/pc/CLK
    SLICE_X56Y131        FDRE                                         r  cpu/pc_fetch_1/pc/_4__reg[8]/C
  -------------------------------------------------------------------    -------------------
    SLICE_X56Y131        FDRE (Prop_fdre_C_Q)         0.223     5.259 f  cpu/pc_fetch_1/pc/_4__reg[8]/Q
                         net (fo=7, routed)           0.378     5.637    cpu/pc_fetch_1/pc/Q[6]
    SLICE_X56Y131        LUT5 (Prop_lut5_I0_O)        0.043     5.680 f  cpu/pc_fetch_1/pc/_1__carry_i_12/O
                         net (fo=183, routed)         1.013     6.693    cpu/pc_fetch_1/pc/_4__reg[8]_0
    SLICE_X53Y122        LUT3 (Prop_lut3_I1_O)        0.043     6.736 r  cpu/pc_fetch_1/pc/_10__i_2/O
                         net (fo=9, routed)           0.779     7.515    cpu/pc_fetch_1/pc/_4__reg[2]_0
    SLICE_X58Y125        LUT6 (Prop_lut6_I1_O)        0.043     7.558 r  cpu/pc_fetch_1/pc/_4__i_2/O
                         net (fo=11, routed)          0.489     8.047    cpu/pc_fetch_1/pc/_4__reg_33
    SLICE_X56Y124        LUT6 (Prop_lut6_I2_O)        0.043     8.090 f  cpu/pc_fetch_1/pc/_4_[31]_i_7__0/O
                         net (fo=8, routed)           0.442     8.532    cpu/pc_fetch_1/pc/_4__reg_37
    SLICE_X56Y123        LUT6 (Prop_lut6_I5_O)        0.043     8.575 r  cpu/pc_fetch_1/pc/_4_[31]_i_1__1/O
                         net (fo=32, routed)          1.723    10.299    cpu/reg16x32_1_1/r2/_2__7
    SLICE_X51Y141        FDRE                                         r  cpu/reg16x32_1_1/r2/_4__reg[24]/CE
  -------------------------------------------------------------------    -------------------

                         (clock clk rise edge)        5.400     5.400 r  <hidden>
    AH16                                              0.000     5.400 r  clk
                         net (fo=0)                   0.000     5.400    clk
    AH16                 IBUF (Prop_ibuf_I_O)         0.703     6.103 r  clk_IBUF_inst/O
                         net (fo=8, routed)           2.579     8.682    clk_IBUF
    BUFGCTRL_X0Y0        BUFG (Prop_bufg_I_O)         0.083     8.765 r  clk_IBUF_BUFG_inst/O
                         net (fo=677, routed)         1.327    10.092    cpu/reg16x32_1_1/r2/CLK
    SLICE_X51Y141        FDRE                                         r  cpu/reg16x32_1_1/r2/_4__reg[24]/C
                         clock pessimism              0.309    10.401    <hidden>
                         clock uncertainty           -0.035    10.366    <hidden>
    SLICE_X51Y141        FDRE (Setup_fdre_C_CE)      -0.201    10.165    cpu/reg16x32_1_1/r2/_4__reg[24]
  -------------------------------------------------------------------
                         required time                         10.165    <hidden>
                         arrival time                         -10.299    <hidden>
  -------------------------------------------------------------------
                         slack                                 -0.134    <hidden>

Slack (VIOLATED) :        -0.129ns  (required time - arrival time)
  Source:                 cpu/pc_fetch_1/pc/_4__reg[8]/C
                            (rising edge-triggered cell FDRE clocked by clk  {rise@0.000ns fall@2.700ns period=5.400ns})
  Destination:            cpu/reg16x32_1_1/r2/_4__reg[27]/CE
                            (rising edge-triggered cell FDRE clocked by clk  {rise@0.000ns fall@2.700ns period=5.400ns})
  Path Group:             clk
  Path Type:              Setup (Max at Slow Process Corner)
  Requirement:            5.400ns  (clk rise@5.400ns - clk rise@0.000ns)
  Data Path Delay:        5.279ns  (logic 0.438ns (8.297%)  route 4.841ns (91.703%))
  Logic Levels:           5  (LUT3=1 LUT5=1 LUT6=3)
  Clock Path Skew:        -0.036ns (DCD - SCD + CPR)
    Destination Clock Delay (DCD):    4.691ns = ( 10.091 - 5.400 ) 
    Source Clock Delay      (SCD):    5.036ns
    Clock Pessimism Removal (CPR):    0.309ns
  Clock Uncertainty:      0.035ns  ((TSJ^2 + TIJ^2)^1/2 + DJ) / 2 + PE
    Total System Jitter     (TSJ):    0.071ns
    Total Input Jitter      (TIJ):    0.000ns
    Discrete Jitter          (DJ):    0.000ns
    Phase Error              (PE):    0.000ns

    Location             Delay type                Incr(ns)  Path(ns)    Netlist Resource(s)
  -------------------------------------------------------------------    -------------------
                         (clock clk rise edge)        0.000     0.000 r  <hidden>
    AH16                                              0.000     0.000 r  clk
                         net (fo=0)                   0.000     0.000    clk
    AH16                 IBUF (Prop_ibuf_I_O)         0.778     0.778 r  clk_IBUF_inst/O
                         net (fo=8, routed)           2.715     3.493    clk_IBUF
    BUFGCTRL_X0Y0        BUFG (Prop_bufg_I_O)         0.093     3.586 r  clk_IBUF_BUFG_inst/O
                         net (fo=677, routed)         1.450     5.036    cpu/pc_fetch_1/pc/CLK
    SLICE_X56Y131        FDRE                                         r  cpu/pc_fetch_1/pc/_4__reg[8]/C
  -------------------------------------------------------------------    -------------------
    SLICE_X56Y131        FDRE (Prop_fdre_C_Q)         0.223     5.259 f  cpu/pc_fetch_1/pc/_4__reg[8]/Q
                         net (fo=7, routed)           0.378     5.637    cpu/pc_fetch_1/pc/Q[6]
    SLICE_X56Y131        LUT5 (Prop_lut5_I0_O)        0.043     5.680 f  cpu/pc_fetch_1/pc/_1__carry_i_12/O
                         net (fo=183, routed)         1.013     6.693    cpu/pc_fetch_1/pc/_4__reg[8]_0
    SLICE_X53Y122        LUT3 (Prop_lut3_I1_O)        0.043     6.736 r  cpu/pc_fetch_1/pc/_10__i_2/O
                         net (fo=9, routed)           0.779     7.515    cpu/pc_fetch_1/pc/_4__reg[2]_0
    SLICE_X58Y125        LUT6 (Prop_lut6_I1_O)        0.043     7.558 r  cpu/pc_fetch_1/pc/_4__i_2/O
                         net (fo=11, routed)          0.489     8.047    cpu/pc_fetch_1/pc/_4__reg_33
    SLICE_X56Y124        LUT6 (Prop_lut6_I2_O)        0.043     8.090 f  cpu/pc_fetch_1/pc/_4_[31]_i_7__0/O
                         net (fo=8, routed)           0.442     8.532    cpu/pc_fetch_1/pc/_4__reg_37
    SLICE_X56Y123        LUT6 (Prop_lut6_I5_O)        0.043     8.575 r  cpu/pc_fetch_1/pc/_4_[31]_i_1__1/O
                         net (fo=32, routed)          1.740    10.315    cpu/reg16x32_1_1/r2/_2__7
    SLICE_X46Y137        FDRE                                         r  cpu/reg16x32_1_1/r2/_4__reg[27]/CE
  -------------------------------------------------------------------    -------------------

                         (clock clk rise edge)        5.400     5.400 r  <hidden>
    AH16                                              0.000     5.400 r  clk
                         net (fo=0)                   0.000     5.400    clk
    AH16                 IBUF (Prop_ibuf_I_O)         0.703     6.103 r  clk_IBUF_inst/O
                         net (fo=8, routed)           2.579     8.682    clk_IBUF
    BUFGCTRL_X0Y0        BUFG (Prop_bufg_I_O)         0.083     8.765 r  clk_IBUF_BUFG_inst/O
                         net (fo=677, routed)         1.326    10.091    cpu/reg16x32_1_1/r2/CLK
    SLICE_X46Y137        FDRE                                         r  cpu/reg16x32_1_1/r2/_4__reg[27]/C
                         clock pessimism              0.309    10.400    <hidden>
                         clock uncertainty           -0.035    10.365    <hidden>
    SLICE_X46Y137        FDRE (Setup_fdre_C_CE)      -0.178    10.187    cpu/reg16x32_1_1/r2/_4__reg[27]
  -------------------------------------------------------------------
                         required time                         10.187    <hidden>
                         arrival time                         -10.315    <hidden>
  -------------------------------------------------------------------
                         slack                                 -0.129    <hidden>

Slack (VIOLATED) :        -0.110ns  (required time - arrival time)
  Source:                 cpu/pc_fetch_1/pc/_4__reg[8]/C
                            (rising edge-triggered cell FDRE clocked by clk  {rise@0.000ns fall@2.700ns period=5.400ns})
  Destination:            cpu/reg16x32_1_1/r2/_4__reg[28]/CE
                            (rising edge-triggered cell FDRE clocked by clk  {rise@0.000ns fall@2.700ns period=5.400ns})
  Path Group:             clk
  Path Type:              Setup (Max at Slow Process Corner)
  Requirement:            5.400ns  (clk rise@5.400ns - clk rise@0.000ns)
  Data Path Delay:        5.256ns  (logic 0.438ns (8.333%)  route 4.818ns (91.667%))
  Logic Levels:           5  (LUT3=1 LUT5=1 LUT6=3)
  Clock Path Skew:        -0.017ns (DCD - SCD + CPR)
    Destination Clock Delay (DCD):    4.686ns = ( 10.086 - 5.400 ) 
    Source Clock Delay      (SCD):    5.036ns
    Clock Pessimism Removal (CPR):    0.333ns
  Clock Uncertainty:      0.035ns  ((TSJ^2 + TIJ^2)^1/2 + DJ) / 2 + PE
    Total System Jitter     (TSJ):    0.071ns
    Total Input Jitter      (TIJ):    0.000ns
    Discrete Jitter          (DJ):    0.000ns
    Phase Error              (PE):    0.000ns

    Location             Delay type                Incr(ns)  Path(ns)    Netlist Resource(s)
  -------------------------------------------------------------------    -------------------
                         (clock clk rise edge)        0.000     0.000 r  <hidden>
    AH16                                              0.000     0.000 r  clk
                         net (fo=0)                   0.000     0.000    clk
    AH16                 IBUF (Prop_ibuf_I_O)         0.778     0.778 r  clk_IBUF_inst/O
                         net (fo=8, routed)           2.715     3.493    clk_IBUF
    BUFGCTRL_X0Y0        BUFG (Prop_bufg_I_O)         0.093     3.586 r  clk_IBUF_BUFG_inst/O
                         net (fo=677, routed)         1.450     5.036    cpu/pc_fetch_1/pc/CLK
    SLICE_X56Y131        FDRE                                         r  cpu/pc_fetch_1/pc/_4__reg[8]/C
  -------------------------------------------------------------------    -------------------
    SLICE_X56Y131        FDRE (Prop_fdre_C_Q)         0.223     5.259 f  cpu/pc_fetch_1/pc/_4__reg[8]/Q
                         net (fo=7, routed)           0.378     5.637    cpu/pc_fetch_1/pc/Q[6]
    SLICE_X56Y131        LUT5 (Prop_lut5_I0_O)        0.043     5.680 f  cpu/pc_fetch_1/pc/_1__carry_i_12/O
                         net (fo=183, routed)         1.013     6.693    cpu/pc_fetch_1/pc/_4__reg[8]_0
    SLICE_X53Y122        LUT3 (Prop_lut3_I1_O)        0.043     6.736 r  cpu/pc_fetch_1/pc/_10__i_2/O
                         net (fo=9, routed)           0.779     7.515    cpu/pc_fetch_1/pc/_4__reg[2]_0
    SLICE_X58Y125        LUT6 (Prop_lut6_I1_O)        0.043     7.558 r  cpu/pc_fetch_1/pc/_4__i_2/O
                         net (fo=11, routed)          0.489     8.047    cpu/pc_fetch_1/pc/_4__reg_33
    SLICE_X56Y124        LUT6 (Prop_lut6_I2_O)        0.043     8.090 f  cpu/pc_fetch_1/pc/_4_[31]_i_7__0/O
                         net (fo=8, routed)           0.442     8.532    cpu/pc_fetch_1/pc/_4__reg_37
    SLICE_X56Y123        LUT6 (Prop_lut6_I5_O)        0.043     8.575 r  cpu/pc_fetch_1/pc/_4_[31]_i_1__1/O
                         net (fo=32, routed)          1.717    10.292    cpu/reg16x32_1_1/r2/_2__7
    SLICE_X55Y139        FDRE                                         r  cpu/reg16x32_1_1/r2/_4__reg[28]/CE
  -------------------------------------------------------------------    -------------------

                         (clock clk rise edge)        5.400     5.400 r  <hidden>
    AH16                                              0.000     5.400 r  clk
                         net (fo=0)                   0.000     5.400    clk
    AH16                 IBUF (Prop_ibuf_I_O)         0.703     6.103 r  clk_IBUF_inst/O
                         net (fo=8, routed)           2.579     8.682    clk_IBUF
    BUFGCTRL_X0Y0        BUFG (Prop_bufg_I_O)         0.083     8.765 r  clk_IBUF_BUFG_inst/O
                         net (fo=677, routed)         1.321    10.086    cpu/reg16x32_1_1/r2/CLK
    SLICE_X55Y139        FDRE                                         r  cpu/reg16x32_1_1/r2/_4__reg[28]/C
                         clock pessimism              0.333    10.419    <hidden>
                         clock uncertainty           -0.035    10.384    <hidden>
    SLICE_X55Y139        FDRE (Setup_fdre_C_CE)      -0.201    10.183    cpu/reg16x32_1_1/r2/_4__reg[28]
  -------------------------------------------------------------------
                         required time                         10.183    <hidden>
                         arrival time                         -10.292    <hidden>
  -------------------------------------------------------------------
                         slack                                 -0.110    <hidden>

Slack (VIOLATED) :        -0.110ns  (required time - arrival time)
  Source:                 cpu/pc_fetch_1/pc/_4__reg[8]/C
                            (rising edge-triggered cell FDRE clocked by clk  {rise@0.000ns fall@2.700ns period=5.400ns})
  Destination:            cpu/reg16x32_1_1/r2/_4__reg[29]/CE
                            (rising edge-triggered cell FDRE clocked by clk  {rise@0.000ns fall@2.700ns period=5.400ns})
  Path Group:             clk
  Path Type:              Setup (Max at Slow Process Corner)
  Requirement:            5.400ns  (clk rise@5.400ns - clk rise@0.000ns)
  Data Path Delay:        5.256ns  (logic 0.438ns (8.333%)  route 4.818ns (91.667%))
  Logic Levels:           5  (LUT3=1 LUT5=1 LUT6=3)
  Clock Path Skew:        -0.017ns (DCD - SCD + CPR)
    Destination Clock Delay (DCD):    4.686ns = ( 10.086 - 5.400 ) 
    Source Clock Delay      (SCD):    5.036ns
    Clock Pessimism Removal (CPR):    0.333ns
  Clock Uncertainty:      0.035ns  ((TSJ^2 + TIJ^2)^1/2 + DJ) / 2 + PE
    Total System Jitter     (TSJ):    0.071ns
    Total Input Jitter      (TIJ):    0.000ns
    Discrete Jitter          (DJ):    0.000ns
    Phase Error              (PE):    0.000ns

    Location             Delay type                Incr(ns)  Path(ns)    Netlist Resource(s)
  -------------------------------------------------------------------    -------------------
                         (clock clk rise edge)        0.000     0.000 r  <hidden>
    AH16                                              0.000     0.000 r  clk
                         net (fo=0)                   0.000     0.000    clk
    AH16                 IBUF (Prop_ibuf_I_O)         0.778     0.778 r  clk_IBUF_inst/O
                         net (fo=8, routed)           2.715     3.493    clk_IBUF
    BUFGCTRL_X0Y0        BUFG (Prop_bufg_I_O)         0.093     3.586 r  clk_IBUF_BUFG_inst/O
                         net (fo=677, routed)         1.450     5.036    cpu/pc_fetch_1/pc/CLK
    SLICE_X56Y131        FDRE                                         r  cpu/pc_fetch_1/pc/_4__reg[8]/C
  -------------------------------------------------------------------    -------------------
    SLICE_X56Y131        FDRE (Prop_fdre_C_Q)         0.223     5.259 f  cpu/pc_fetch_1/pc/_4__reg[8]/Q
                         net (fo=7, routed)           0.378     5.637    cpu/pc_fetch_1/pc/Q[6]
    SLICE_X56Y131        LUT5 (Prop_lut5_I0_O)        0.043     5.680 f  cpu/pc_fetch_1/pc/_1__carry_i_12/O
                         net (fo=183, routed)         1.013     6.693    cpu/pc_fetch_1/pc/_4__reg[8]_0
    SLICE_X53Y122        LUT3 (Prop_lut3_I1_O)        0.043     6.736 r  cpu/pc_fetch_1/pc/_10__i_2/O
                         net (fo=9, routed)           0.779     7.515    cpu/pc_fetch_1/pc/_4__reg[2]_0
    SLICE_X58Y125        LUT6 (Prop_lut6_I1_O)        0.043     7.558 r  cpu/pc_fetch_1/pc/_4__i_2/O
                         net (fo=11, routed)          0.489     8.047    cpu/pc_fetch_1/pc/_4__reg_33
    SLICE_X56Y124        LUT6 (Prop_lut6_I2_O)        0.043     8.090 f  cpu/pc_fetch_1/pc/_4_[31]_i_7__0/O
                         net (fo=8, routed)           0.442     8.532    cpu/pc_fetch_1/pc/_4__reg_37
    SLICE_X56Y123        LUT6 (Prop_lut6_I5_O)        0.043     8.575 r  cpu/pc_fetch_1/pc/_4_[31]_i_1__1/O
                         net (fo=32, routed)          1.717    10.292    cpu/reg16x32_1_1/r2/_2__7
    SLICE_X55Y139        FDRE                                         r  cpu/reg16x32_1_1/r2/_4__reg[29]/CE
  -------------------------------------------------------------------    -------------------

                         (clock clk rise edge)        5.400     5.400 r  <hidden>
    AH16                                              0.000     5.400 r  clk
                         net (fo=0)                   0.000     5.400    clk
    AH16                 IBUF (Prop_ibuf_I_O)         0.703     6.103 r  clk_IBUF_inst/O
                         net (fo=8, routed)           2.579     8.682    clk_IBUF
    BUFGCTRL_X0Y0        BUFG (Prop_bufg_I_O)         0.083     8.765 r  clk_IBUF_BUFG_inst/O
                         net (fo=677, routed)         1.321    10.086    cpu/reg16x32_1_1/r2/CLK
    SLICE_X55Y139        FDRE                                         r  cpu/reg16x32_1_1/r2/_4__reg[29]/C
                         clock pessimism              0.333    10.419    <hidden>
                         clock uncertainty           -0.035    10.384    <hidden>
    SLICE_X55Y139        FDRE (Setup_fdre_C_CE)      -0.201    10.183    cpu/reg16x32_1_1/r2/_4__reg[29]
  -------------------------------------------------------------------
                         required time                         10.183    <hidden>
                         arrival time                         -10.292    <hidden>
  -------------------------------------------------------------------
                         slack                                 -0.110    <hidden>





Pulse Width Checks
--------------------------------------------------------------------------------------
Clock Name:         clk
Waveform(ns):       { 0.000 2.700 }
Period(ns):         5.400
Sources:            { clk }

Check Type        Corner  Lib Pin             Reference Pin  Required(ns)  Actual(ns)  Slack(ns)  Location       Pin
Min Period        n/a     RAMB18E1/CLKARDCLK  n/a            2.095         5.400       3.305      RAMB18_X2Y46   cpu/ram_1/s_memcontents_reg/CLKARDCLK
Min Period        n/a     RAMB18E1/CLKBWRCLK  n/a            2.095         5.400       3.305      RAMB18_X2Y46   cpu/ram_1/s_memcontents_reg/CLKBWRCLK
Min Period        n/a     BUFG/I              n/a            1.408         5.400       3.992      BUFGCTRL_X0Y0  clk_IBUF_BUFG_inst/I
Min Period        n/a     FDRE/C              n/a            0.750         5.400       4.650      SLICE_X57Y129  cpu/block_transfer_control_1/reg_index/_4__reg[3]/C
Min Period        n/a     FDRE/C              n/a            0.750         5.400       4.650      SLICE_X51Y143  cpu/reg16x32_1_1/r10/_4__reg[21]/C
Min Period        n/a     FDRE/C              n/a            0.750         5.400       4.650      SLICE_X48Y128  cpu/reg16x32_1_1/r10/_4__reg[6]/C
Min Period        n/a     FDRE/C              n/a            0.750         5.400       4.650      SLICE_X48Y128  cpu/reg16x32_1_1/r10/_4__reg[7]/C
Min Period        n/a     FDRE/C              n/a            0.750         5.400       4.650      SLICE_X48Y128  cpu/reg16x32_1_1/r10/_4__reg[8]/C
Min Period        n/a     FDRE/C              n/a            0.750         5.400       4.650      SLICE_X46Y131  cpu/reg16x32_1_1/r11/_4__reg[19]/C
Min Period        n/a     FDRE/C              n/a            0.750         5.400       4.650      SLICE_X54Y134  cpu/reg16x32_1_1/r11/_4__reg[22]/C
Low Pulse Width   Slow    FDRE/C              n/a            0.400         2.700       2.300      SLICE_X57Y129  cpu/block_transfer_control_1/reg_index/_4__reg[3]/C
Low Pulse Width   Fast    FDRE/C              n/a            0.400         2.700       2.300      SLICE_X57Y129  cpu/block_transfer_control_1/reg_index/_4__reg[3]/C
Low Pulse Width   Slow    FDRE/C              n/a            0.400         2.700       2.300      SLICE_X51Y143  cpu/reg16x32_1_1/r10/_4__reg[21]/C
Low Pulse Width   Fast    FDRE/C              n/a            0.400         2.700       2.300      SLICE_X51Y143  cpu/reg16x32_1_1/r10/_4__reg[21]/C
Low Pulse Width   Slow    FDRE/C              n/a            0.400         2.700       2.300      SLICE_X48Y128  cpu/reg16x32_1_1/r10/_4__reg[6]/C
Low Pulse Width   Fast    FDRE/C              n/a            0.400         2.700       2.300      SLICE_X48Y128  cpu/reg16x32_1_1/r10/_4__reg[6]/C
Low Pulse Width   Slow    FDRE/C              n/a            0.400         2.700       2.300      SLICE_X48Y128  cpu/reg16x32_1_1/r10/_4__reg[7]/C
Low Pulse Width   Fast    FDRE/C              n/a            0.400         2.700       2.300      SLICE_X48Y128  cpu/reg16x32_1_1/r10/_4__reg[7]/C
Low Pulse Width   Slow    FDRE/C              n/a            0.400         2.700       2.300      SLICE_X48Y128  cpu/reg16x32_1_1/r10/_4__reg[8]/C
Low Pulse Width   Fast    FDRE/C              n/a            0.400         2.700       2.300      SLICE_X48Y128  cpu/reg16x32_1_1/r10/_4__reg[8]/C
High Pulse Width  Slow    FDRE/C              n/a            0.350         2.700       2.350      SLICE_X47Y125  sig_reg[0]/C
High Pulse Width  Fast    FDRE/C              n/a            0.350         2.700       2.350      SLICE_X47Y125  sig_reg[0]/C
High Pulse Width  Slow    FDRE/C              n/a            0.350         2.700       2.350      SLICE_X59Y129  sig_reg[1]/C
High Pulse Width  Fast    FDRE/C              n/a            0.350         2.700       2.350      SLICE_X59Y129  sig_reg[1]/C
High Pulse Width  Slow    FDRE/C              n/a            0.350         2.700       2.350      SLICE_X51Y136  sig_reg[2]/C
High Pulse Width  Fast    FDRE/C              n/a            0.350         2.700       2.350      SLICE_X51Y136  sig_reg[2]/C
High Pulse Width  Slow    FDRE/C              n/a            0.350         2.700       2.350      SLICE_X45Y127  sig_reg[3]/C
High Pulse Width  Fast    FDRE/C              n/a            0.350         2.700       2.350      SLICE_X45Y127  sig_reg[3]/C
High Pulse Width  Slow    FDRE/C              n/a            0.350         2.700       2.350      SLICE_X60Y130  cpu/block_transfer_control_1/active_reg/_4__reg/C
High Pulse Width  Fast    FDRE/C              n/a            0.350         2.700       2.350      SLICE_X60Y130  cpu/block_transfer_control_1/active_reg/_4__reg/C



