Copyright 1986-2022 Xilinx, Inc. All Rights Reserved. Copyright 2022-2026 Advanced Micro Devices, Inc. All Rights Reserved.
---------------------------------------------------------------------------------------------------------------------------------------------
| Tool Version : Vivado v.2026.1 (lin64) Build 6511674 Tue Jun 16 11:01:26 MDT 2026
| Date         : Tue Aug 25 07:13:31 2026
| Host         : junaet-desktop running 64-bit Ubuntu 22.04.5 LTS
| Command      : report_utilization -file /home/junaet/Documents/CustomCPU/fpga/fmax/vivado_out_5p4ns/utilization.rpt
| Design       : cpu_timing_top
| Device       : xc7k480tffg901-2
| Speed File   : -2
| Design State : Routed
---------------------------------------------------------------------------------------------------------------------------------------------

Utilization Design Information

Table of Contents
-----------------
1. Slice Logic
1.1 Summary of Registers by Type
2. Slice Logic Distribution
3. Memory
4. DSP
5. IO and GT Specific
6. Clocking
7. Specific Feature
8. Primitives
9. Black Boxes
10. Instantiated Netlists

1. Slice Logic
--------------

+-------------------------+------+-------+------------+-----------+-------+
|        Site Type        | Used | Fixed | Prohibited | Available | Util% |
+-------------------------+------+-------+------------+-----------+-------+
| Slice LUTs              | 1135 |     0 |          0 |    298600 |  0.38 |
|   LUT as Logic          | 1135 |     0 |          0 |    298600 |  0.38 |
|   LUT as Memory         |    0 |     0 |          0 |    108600 |  0.00 |
| Slice Registers         |  618 |     0 |          0 |    597200 |  0.10 |
|   Register as Flip Flop |  618 |     0 |          0 |    597200 |  0.10 |
|   Register as Latch     |    0 |     0 |          0 |    597200 |  0.00 |
| F7 Muxes                |   77 |     0 |          0 |    149300 |  0.05 |
| F8 Muxes                |   32 |     0 |          0 |     74650 |  0.04 |
| Unique Control Sets     |   20 |       |          0 |     74650 |  0.03 |
+-------------------------+------+-------+------------+-----------+-------+
* Warning! LUT value is adjusted to account for LUT combining.
** Note: Available Control Sets calculated as Slice * 1, Review the Control Sets Report for more information regarding control sets.


1.1 Summary of Registers by Type
--------------------------------

+-------+--------------+-------------+--------------+
| Total | Clock Enable | Synchronous | Asynchronous |
+-------+--------------+-------------+--------------+
| 0     |            _ |           - |            - |
| 0     |            _ |           - |          Set |
| 0     |            _ |           - |        Reset |
| 0     |            _ |         Set |            - |
| 0     |            _ |       Reset |            - |
| 0     |          Yes |           - |            - |
| 0     |          Yes |           - |          Set |
| 0     |          Yes |           - |        Reset |
| 0     |          Yes |         Set |            - |
| 618   |          Yes |       Reset |            - |
+-------+--------------+-------------+--------------+


2. Slice Logic Distribution
---------------------------

+--------------------------------------------+------+-------+------------+-----------+-------+
|                  Site Type                 | Used | Fixed | Prohibited | Available | Util% |
+--------------------------------------------+------+-------+------------+-----------+-------+
| Slice                                      |  396 |     0 |          0 |     74650 |  0.53 |
|   SLICEL                                   |  239 |     0 |            |           |       |
|   SLICEM                                   |  157 |     0 |            |           |       |
| LUT as Logic                               | 1135 |     0 |          0 |    298600 |  0.38 |
|   using O5 output only                     |    0 |       |            |           |       |
|   using O6 output only                     | 1064 |       |            |           |       |
|   using O5 and O6                          |   71 |       |            |           |       |
| LUT as Memory                              |    0 |     0 |          0 |    108600 |  0.00 |
|   LUT as Distributed RAM                   |    0 |     0 |            |           |       |
|     using O5 output only                   |    0 |       |            |           |       |
|     using O6 output only                   |    0 |       |            |           |       |
|     using O5 and O6                        |    0 |       |            |           |       |
|   LUT as Shift Register                    |    0 |     0 |            |           |       |
|     using O5 output only                   |    0 |       |            |           |       |
|     using O6 output only                   |    0 |       |            |           |       |
|     using O5 and O6                        |    0 |       |            |           |       |
| Slice Registers                            |  618 |     0 |          0 |    597200 |  0.10 |
|   Register driven from within the Slice    |  318 |       |            |           |       |
|   Register driven from outside the Slice   |  300 |       |            |           |       |
|     LUT in front of the register is unused |  112 |       |            |           |       |
|     LUT in front of the register is used   |  188 |       |            |           |       |
+--------------------------------------------+------+-------+------------+-----------+-------+


3. Memory
---------

+-------------------+------+-------+------------+-----------+-------+
|     Site Type     | Used | Fixed | Prohibited | Available | Util% |
+-------------------+------+-------+------------+-----------+-------+
| Block RAM Tile    |  0.5 |     0 |          0 |       955 |  0.05 |
|   RAMB36/FIFO*    |    0 |     0 |          0 |       955 |  0.00 |
|   RAMB18          |    1 |     0 |          0 |      1910 |  0.05 |
|     RAMB18E1 only |    1 |       |            |           |       |
+-------------------+------+-------+------------+-----------+-------+
* Note: Each Block RAM Tile only has one FIFO logic available and therefore can accommodate only one FIFO36E1 or one FIFO18E1. However, if a FIFO18E1 occupies a Block RAM Tile, that tile can still accommodate a RAMB18E1


4. DSP
------

+-----------+------+-------+------------+-----------+-------+
| Site Type | Used | Fixed | Prohibited | Available | Util% |
+-----------+------+-------+------------+-----------+-------+
| DSPs      |    0 |     0 |          0 |      1920 |  0.00 |
+-----------+------+-------+------------+-----------+-------+


5. IO and GT Specific
---------------------

+-----------------------------+------+-------+------------+-----------+-------+
|          Site Type          | Used | Fixed | Prohibited | Available | Util% |
+-----------------------------+------+-------+------------+-----------+-------+
| Bonded IOB                  |    5 |     0 |          0 |       380 |  1.32 |
|   IOB Master Pads           |    2 |       |            |           |       |
|   IOB Slave Pads            |    2 |       |            |           |       |
| Bonded IPADs                |    0 |     0 |          0 |        86 |  0.00 |
| Bonded OPADs                |    0 |     0 |          0 |        56 |  0.00 |
| PHY_CONTROL                 |    0 |     0 |          0 |         8 |  0.00 |
| PHASER_REF                  |    0 |     0 |          0 |         8 |  0.00 |
| OUT_FIFO                    |    0 |     0 |          0 |        32 |  0.00 |
| IN_FIFO                     |    0 |     0 |          0 |        32 |  0.00 |
| IDELAYCTRL                  |    0 |     0 |          0 |         8 |  0.00 |
| IBUFDS                      |    0 |     0 |          0 |       366 |  0.00 |
| GTXE2_COMMON                |    0 |     0 |          0 |         7 |  0.00 |
| GTXE2_CHANNEL               |    0 |     0 |          0 |        28 |  0.00 |
| PHASER_OUT/PHASER_OUT_PHY   |    0 |     0 |          0 |        32 |  0.00 |
| PHASER_IN/PHASER_IN_PHY     |    0 |     0 |          0 |        32 |  0.00 |
| IDELAYE2/IDELAYE2_FINEDELAY |    0 |     0 |          0 |       400 |  0.00 |
| IBUFDS_GTE2                 |    0 |     0 |          0 |        14 |  0.00 |
| ILOGIC                      |    0 |     0 |          0 |       380 |  0.00 |
| OLOGIC                      |    0 |     0 |          0 |       380 |  0.00 |
+-----------------------------+------+-------+------------+-----------+-------+


6. Clocking
-----------

+------------+------+-------+------------+-----------+-------+
|  Site Type | Used | Fixed | Prohibited | Available | Util% |
+------------+------+-------+------------+-----------+-------+
| BUFGCTRL   |    1 |     0 |          0 |        32 |  3.13 |
| BUFIO      |    0 |     0 |          0 |        32 |  0.00 |
| MMCME2_ADV |    0 |     0 |          0 |         8 |  0.00 |
| PLLE2_ADV  |    0 |     0 |          0 |         8 |  0.00 |
| BUFMRCE    |    0 |     0 |          0 |        16 |  0.00 |
| BUFHCE     |    0 |     0 |          0 |       192 |  0.00 |
| BUFR       |    0 |     0 |          0 |        32 |  0.00 |
+------------+------+-------+------------+-----------+-------+


7. Specific Feature
-------------------

+-------------+------+-------+------------+-----------+-------+
|  Site Type  | Used | Fixed | Prohibited | Available | Util% |
+-------------+------+-------+------------+-----------+-------+
| BSCANE2     |    0 |     0 |          0 |         4 |  0.00 |
| CAPTUREE2   |    0 |     0 |          0 |         1 |  0.00 |
| DNA_PORT    |    0 |     0 |          0 |         1 |  0.00 |
| EFUSE_USR   |    0 |     0 |          0 |         1 |  0.00 |
| FRAME_ECCE2 |    0 |     0 |          0 |         1 |  0.00 |
| ICAPE2      |    0 |     0 |          0 |         2 |  0.00 |
| PCIE_2_1    |    0 |     0 |          0 |         1 |  0.00 |
| STARTUPE2   |    0 |     0 |          0 |         1 |  0.00 |
| XADC        |    0 |     0 |          0 |         1 |  0.00 |
+-------------+------+-------+------------+-----------+-------+


8. Primitives
-------------

+----------+------+---------------------+
| Ref Name | Used | Functional Category |
+----------+------+---------------------+
| LUT6     |  797 |                 LUT |
| FDRE     |  618 |        Flop & Latch |
| LUT5     |  227 |                 LUT |
| LUT3     |   84 |                 LUT |
| MUXF7    |   77 |               MuxFx |
| LUT4     |   51 |                 LUT |
| CARRY4   |   37 |          CarryLogic |
| MUXF8    |   32 |               MuxFx |
| LUT1     |   32 |                 LUT |
| LUT2     |   15 |                 LUT |
| OBUF     |    4 |                  IO |
| RAMB18E1 |    1 |        Block Memory |
| IBUF     |    1 |                  IO |
| BUFG     |    1 |               Clock |
+----------+------+---------------------+


9. Black Boxes
--------------

+----------+------+
| Ref Name | Used |
+----------+------+


10. Instantiated Netlists
-------------------------

+----------+------+
| Ref Name | Used |
+----------+------+


